2026-08-13 22:55:35 === CLS-Practical-Scan-Task gestartet ===
2026-08-13 22:56:26 INFO:DUKASCRIPT:current timestamp :2025-08-06T21:00:00
2026-08-13 22:56:26 INFO:DUKASCRIPT:current timestamp :2025-09-04T19:05:00
2026-08-13 22:56:26 INFO:DUKASCRIPT:current timestamp :2025-10-03T16:50:00
2026-08-13 22:56:26 INFO:DUKASCRIPT:current timestamp :2025-11-03T14:20:00
2026-08-13 22:56:26 INFO:DUKASCRIPT:current timestamp :2025-12-02T12:40:00
2026-08-13 22:56:26 INFO:DUKASCRIPT:current timestamp :2026-01-02T06:55:00
2026-08-13 22:56:26 INFO:DUKASCRIPT:current timestamp :2026-02-02T04:15:00
2026-08-13 22:56:26 INFO:DUKASCRIPT:current timestamp :2026-03-03T01:45:00
2026-08-13 22:56:26 INFO:DUKASCRIPT:current timestamp :2026-03-31T22:35:00
2026-08-13 22:56:26 INFO:DUKASCRIPT:current timestamp :2026-04-29T20:35:00
2026-08-13 22:56:26 INFO:DUKASCRIPT:current timestamp :2026-05-28T18:55:00
2026-08-13 22:56:26 INFO:DUKASCRIPT:current timestamp :2026-06-26T17:15:00
2026-08-13 22:56:26 INFO:DUKASCRIPT:current timestamp :2026-07-27T16:10:00
2026-08-13 22:56:26 INFO:DUKASCRIPT:current timestamp :2025-08-06T21:45:00
2026-08-13 22:56:26 INFO:DUKASCRIPT:current timestamp :2025-09-04T21:30:00
2026-08-13 22:56:26 INFO:DUKASCRIPT:current timestamp :2025-10-03T20:45:00
2026-08-13 22:56:26 INFO:DUKASCRIPT:current timestamp :2025-11-03T19:30:00
2026-08-13 22:56:26 INFO:DUKASCRIPT:current timestamp :2025-12-02T18:15:00
2026-08-13 22:56:26 INFO:DUKASCRIPT:current timestamp :2026-01-02T13:00:00
2026-08-13 22:56:26 INFO:DUKASCRIPT:current timestamp :2026-02-02T11:00:00
2026-08-13 22:56:26 INFO:DUKASCRIPT:current timestamp :2026-03-03T08:45:00
2026-08-13 22:56:26 INFO:DUKASCRIPT:current timestamp :2026-04-01T06:00:00
2026-08-13 22:56:26 INFO:DUKASCRIPT:current timestamp :2026-04-30T04:30:00
2026-08-13 22:56:26 INFO:DUKASCRIPT:current timestamp :2026-05-29T03:15:00
2026-08-13 22:56:26 INFO:DUKASCRIPT:current timestamp :2026-06-29T01:15:00
2026-08-13 22:56:26 INFO:DUKASCRIPT:current timestamp :2026-07-27T23:30:00
2026-08-13 22:56:26 INFO:DUKASCRIPT:current timestamp :2025-08-06T22:00:00
2026-08-13 22:56:26 INFO:DUKASCRIPT:current timestamp :2025-09-04T20:15:00
2026-08-13 22:56:26 INFO:DUKASCRIPT:current timestamp :2025-10-03T17:45:00
2026-08-13 22:56:26 INFO:DUKASCRIPT:current timestamp :2025-11-03T15:15:00
2026-08-13 22:56:26 INFO:DUKASCRIPT:current timestamp :2025-12-02T12:30:00
2026-08-13 22:56:26 INFO:DUKASCRIPT:current timestamp :2026-01-02T03:00:00
2026-08-13 22:56:26 INFO:DUKASCRIPT:current timestamp :2026-02-02T00:15:00
2026-08-13 22:56:26 INFO:DUKASCRIPT:current timestamp :2026-03-02T21:00:00
2026-08-13 22:56:26 INFO:DUKASCRIPT:current timestamp :2026-03-31T18:30:00
2026-08-13 22:56:26 INFO:DUKASCRIPT:current timestamp :2026-04-29T17:15:00
2026-08-13 22:56:26 INFO:DUKASCRIPT:current timestamp :2026-05-28T15:30:00
2026-08-13 22:56:26 INFO:DUKASCRIPT:current timestamp :2026-06-26T14:30:00
2026-08-13 22:56:26 INFO:DUKASCRIPT:current timestamp :2026-07-27T11:45:00
2026-08-13 22:56:26 INFO:DUKASCRIPT:current timestamp :2025-08-06T21:30:00
2026-08-13 22:56:26 INFO:DUKASCRIPT:current timestamp :2025-09-04T20:00:00
2026-08-13 22:56:26 INFO:DUKASCRIPT:current timestamp :2025-10-03T18:45:00
2026-08-13 22:56:26 INFO:DUKASCRIPT:current timestamp :2025-11-03T17:00:00
2026-08-13 22:56:26 INFO:DUKASCRIPT:current timestamp :2025-12-02T15:45:00
2026-08-13 22:56:26 INFO:DUKASCRIPT:current timestamp :2026-01-02T09:00:00
2026-08-13 22:56:26 INFO:DUKASCRIPT:current timestamp :2026-02-02T07:00:00
2026-08-13 22:56:26 INFO:DUKASCRIPT:current timestamp :2026-03-03T05:00:00
2026-08-13 22:56:26 INFO:DUKASCRIPT:current timestamp :2026-04-01T02:15:00
2026-08-13 22:56:26 INFO:DUKASCRIPT:current timestamp :2026-04-30T01:45:00
2026-08-13 22:56:26 INFO:DUKASCRIPT:current timestamp :2026-05-29T01:15:00
2026-08-13 22:56:26 INFO:DUKASCRIPT:current timestamp :2026-06-28T23:30:00
2026-08-13 22:56:26 INFO:DUKASCRIPT:current timestamp :2026-07-27T23:15:00
2026-08-13 22:56:26 INFO:DUKASCRIPT:current timestamp :2025-08-06T22:00:00
2026-08-13 22:56:26 INFO:DUKASCRIPT:current timestamp :2025-09-04T21:45:00
2026-08-13 22:56:26 INFO:DUKASCRIPT:current timestamp :2025-10-03T20:45:00
2026-08-13 22:56:26 INFO:DUKASCRIPT:current timestamp :2025-11-03T18:45:00
2026-08-13 22:56:26 INFO:DUKASCRIPT:current timestamp :2025-12-02T16:15:00
2026-08-13 22:56:26 INFO:DUKASCRIPT:current timestamp :2026-01-02T09:45:00
2026-08-13 22:56:26 INFO:DUKASCRIPT:current timestamp :2026-02-02T07:30:00
2026-08-13 22:56:26 INFO:DUKASCRIPT:current timestamp :2026-03-03T05:00:00
2026-08-13 22:56:26 INFO:DUKASCRIPT:current timestamp :2026-04-01T01:45:00
2026-08-13 22:56:26 INFO:DUKASCRIPT:current timestamp :2026-04-30T00:00:00
2026-08-13 22:56:26 INFO:DUKASCRIPT:current timestamp :2026-05-28T22:30:00
2026-08-13 22:56:26 INFO:DUKASCRIPT:current timestamp :2026-06-26T20:30:00
2026-08-13 22:56:26 INFO:DUKASCRIPT:current timestamp :2026-07-27T19:15:00
2026-08-13 22:56:26 INFO:DUKASCRIPT:current timestamp :2025-08-06T21:15:00
2026-08-13 22:56:26 INFO:DUKASCRIPT:current timestamp :2025-09-04T18:15:00
2026-08-13 22:56:26 INFO:DUKASCRIPT:current timestamp :2025-10-03T15:00:00
2026-08-13 22:56:26 INFO:DUKASCRIPT:current timestamp :2025-11-03T11:30:00
2026-08-13 22:56:26 INFO:DUKASCRIPT:current timestamp :2025-12-02T08:15:00
2026-08-13 22:56:26 INFO:DUKASCRIPT:current timestamp :2026-01-02T01:30:00
2026-08-13 22:56:26 INFO:DUKASCRIPT:current timestamp :2026-01-30T22:00:00
2026-08-13 22:56:26 INFO:DUKASCRIPT:current timestamp :2026-03-02T20:00:00
2026-08-13 22:56:26 INFO:DUKASCRIPT:current timestamp :2026-03-31T17:15:00
2026-08-13 22:56:26 INFO:DUKASCRIPT:current timestamp :2026-04-29T16:15:00
2026-08-13 22:56:26 INFO:DUKASCRIPT:current timestamp :2026-05-28T15:00:00
2026-08-13 22:56:26 INFO:DUKASCRIPT:current timestamp :2026-06-26T12:45:00
2026-08-13 22:56:26 INFO:DUKASCRIPT:current timestamp :2026-07-27T12:30:00
2026-08-13 22:56:26 INFO:DUKASCRIPT:current timestamp :2025-09-15T17:35:00
2026-08-13 22:56:26 INFO:DUKASCRIPT:current timestamp :2025-12-03T15:35:00
2026-08-13 22:56:26 INFO:DUKASCRIPT:current timestamp :2026-03-09T08:35:00
2026-08-13 22:56:26 INFO:DUKASCRIPT:current timestamp :2026-05-14T14:55:00
2026-08-13 22:56:26 INFO:DUKASCRIPT:current timestamp :2026-07-28T17:25:00
2026-08-13 22:56:26 INFO:DUKASCRIPT:current timestamp :2025-09-17T05:55:00
2026-08-13 22:56:26 INFO:DUKASCRIPT:current timestamp :2025-11-25T17:00:00
2026-08-13 22:56:26 INFO:DUKASCRIPT:current timestamp :2026-02-10T22:00:00
2026-08-13 22:56:26 INFO:DUKASCRIPT:current timestamp :2026-04-13T21:45:00
2026-08-13 22:56:26 INFO:DUKASCRIPT:current timestamp :2026-06-19T12:40:00
2026-08-13 22:56:26 CLS-practical Tages-Scan:
2026-08-13 22:56:26   date: 2026-08-13
2026-08-13 22:56:26   status: heute noch keine vollstaendige Settle-Range (vor 09:00 Berlin?)
2026-08-13 22:56:26   triggered: False
2026-08-13 22:56:26 
2026-08-13 22:56:26 Gespeichert: C:\Users\andre\Forex-Backtesting\cls_practical_logs\daily_log.csv
2026-08-13 22:56:26 [main 81990e5] CLS Practical Scan: Snapshot 2026-08-13 22:56
2026-08-13 22:56:26  1 file changed, 95 insertions(+)
2026-08-13 22:56:26  create mode 100644 cls_practical_logs/task_run.log
2026-08-13 22:56:29 To https://github.com/AndrowDeluxe/Forex-Backtesting.git
2026-08-13 22:56:29    6800ceb..81990e5  main -> main
2026-08-13 22:56:29 Commit + Push erfolgreich.
2026-08-13 22:56:29 === CLS-Practical-Scan-Task beendet ===
