2026-08-26 21:55:24 === FK-Instant-Funding-Task gestartet ===
2026-08-26 21:56:34 INFO:DUKASCRIPT:current timestamp :2025-08-19T21:10:00
2026-08-26 21:56:34 INFO:DUKASCRIPT:current timestamp :2025-09-17T19:05:00
2026-08-26 21:56:34 INFO:DUKASCRIPT:current timestamp :2025-10-16T16:55:00
2026-08-26 21:56:34 INFO:DUKASCRIPT:current timestamp :2025-11-14T14:30:00
2026-08-26 21:56:34 INFO:DUKASCRIPT:current timestamp :2025-12-15T12:25:00
2026-08-26 21:56:34 INFO:DUKASCRIPT:current timestamp :2026-01-15T06:50:00
2026-08-26 21:56:34 INFO:DUKASCRIPT:current timestamp :2026-02-13T03:55:00
2026-08-26 21:56:34 INFO:DUKASCRIPT:current timestamp :2026-03-16T00:20:00
2026-08-26 21:56:34 INFO:DUKASCRIPT:current timestamp :2026-04-13T22:55:00
2026-08-26 21:56:34 INFO:DUKASCRIPT:current timestamp :2026-05-12T20:55:00
2026-08-26 21:56:34 INFO:DUKASCRIPT:current timestamp :2026-06-10T19:20:00
2026-08-26 21:56:34 INFO:DUKASCRIPT:current timestamp :2026-07-09T18:00:00
2026-08-26 21:56:34 INFO:DUKASCRIPT:current timestamp :2026-08-07T16:00:00
2026-08-26 21:56:34 INFO:DUKASCRIPT:current timestamp :2026-08-26T21:50:00
2026-08-26 21:56:34 INFO:DUKASCRIPT:current timestamp :2025-08-19T23:00:00
2026-08-26 21:56:34 INFO:DUKASCRIPT:current timestamp :2025-09-17T22:15:00
2026-08-26 21:56:34 INFO:DUKASCRIPT:current timestamp :2025-10-16T20:45:00
2026-08-26 21:56:34 INFO:DUKASCRIPT:current timestamp :2025-11-14T19:45:00
2026-08-26 21:56:34 INFO:DUKASCRIPT:current timestamp :2025-12-15T18:45:00
2026-08-26 21:56:34 INFO:DUKASCRIPT:current timestamp :2026-08-25T02:00:00
2026-08-26 21:56:34 INFO:DUKASCRIPT:current timestamp :2026-08-26T20:00:00
2026-08-26 21:56:34 {
2026-08-26 21:56:34   "date": "2026-08-26 19:55:25.013158",
2026-08-26 21:56:34   "equity": 132145.8800697472,
2026-08-26 21:56:34   "current_dd": 0.0,
2026-08-26 21:56:34   "consistency_ratio": 0.15053821545621823,
2026-08-26 21:56:34   "payout_safe": "True",
2026-08-26 21:56:34   "cum_profit": 32145.880069747087,
2026-08-26 21:56:34   "kill_switch_active": false,
2026-08-26 21:56:34   "n_trades": 860
2026-08-26 21:56:34 }
2026-08-26 21:56:34 ---
2026-08-26 21:56:34 [FK Instant Funding] ÔÜá´©Å Gold-ASB-Scan fehlgeschlagen: '>' not supported between instances of 'str' and 'float'
2026-08-26 21:56:34 ---
2026-08-26 21:56:34 [FK Instant Funding] ÔÜá´©Å CLS-Practical-Scan fehlgeschlagen: 0
2026-08-26 21:56:34 ---
2026-08-26 21:56:34 [FK Instant Funding] ÔÜá´©Å Trend-Pullback-Scan fehlgeschlagen: 0
2026-08-26 21:56:34 ---
2026-08-26 21:56:34 [FK Instant Funding] ÔÜá´©Å CTNL-Edge-Scan fehlgeschlagen: '>' not supported between instances of 'str' and 'float'
2026-08-26 21:56:34 ---
2026-08-26 21:56:34 [FK Instant Funding] ÔÜá´©Å Gold-Silber-Divergenz-Scan fehlgeschlagen: '>' not supported between instances of 'str' and 'float'
