2026-08-17 14:09:29 === Gold-ASB-Scan-Task gestartet ===
2026-08-17 14:09:31 Gold ASB (BeyondIQCapital Demo/Eval): 5 Fenster gelesen (C:\Users\andre\GoldASB-MT5-Bridge\state\goldasb_beyondiq.sqlite3).
2026-08-17 14:09:31 
2026-08-17 14:09:31 Aktuellstes Fenster: 2026-08-17T01:00:00-04:00 -- Trend/Silber uneinig
2026-08-17 14:09:31 Gespeichert: C:\Users\andre\Forex-Backtesting\gold_asb_logs\daily_log.csv
2026-08-17 14:09:31 [main e3964bc] Gold ASB Scan: Snapshot 2026-08-17 14:09
2026-08-17 14:09:31  2 files changed, 11 insertions(+)
2026-08-17 14:09:31  create mode 100644 gold_asb_logs/daily_log.csv
2026-08-17 14:09:31  create mode 100644 gold_asb_logs/task_run.log
2026-08-17 14:09:34 To https://github.com/AndrowDeluxe/Forex-Backtesting.git
2026-08-17 14:09:34    365a8c1..e3964bc  main -> main
2026-08-17 14:09:34 Commit + Push erfolgreich.
2026-08-17 14:09:34 === Gold-ASB-Scan-Task beendet ===
2026-08-17 15:45:51 === Gold-ASB-Scan-Task gestartet ===
2026-08-17 15:45:59 Gold ASB (BeyondIQCapital Demo/Eval): 5 Fenster gelesen (C:\Users\andre\GoldASB-MT5-Bridge\state\goldasb_beyondiq.sqlite3).
2026-08-17 15:45:59 
2026-08-17 15:45:59 Aktuellstes Fenster: 2026-08-17T01:00:00-04:00 -- Trend/Silber uneinig
2026-08-17 15:45:59 Gespeichert: C:\Users\andre\Forex-Backtesting\gold_asb_logs\daily_log.csv
2026-08-17 15:46:01 [main baa2275] Gold ASB Scan: Snapshot 2026-08-17 15:46
2026-08-17 15:46:01  1 file changed, 13 insertions(+)
2026-08-17 15:46:08 To https://github.com/AndrowDeluxe/Forex-Backtesting.git
2026-08-17 15:46:08    1727bf6..baa2275  main -> main
2026-08-17 15:46:08 Commit + Push erfolgreich.
2026-08-17 15:46:08 === Gold-ASB-Scan-Task beendet ===
2026-08-17 16:00:03 === Gold-ASB-Scan-Task gestartet ===
2026-08-17 16:00:04 Gold ASB (BeyondIQCapital Demo/Eval): 5 Fenster gelesen (C:\Users\andre\GoldASB-MT5-Bridge\state\goldasb_beyondiq.sqlite3).
2026-08-17 16:00:04 
2026-08-17 16:00:04 Aktuellstes Fenster: 2026-08-17T01:00:00-04:00 -- Trend/Silber uneinig
2026-08-17 16:00:04 Gespeichert: C:\Users\andre\Forex-Backtesting\gold_asb_logs\daily_log.csv
2026-08-17 16:00:05 [main 4a8aea5] Gold ASB Scan: Snapshot 2026-08-17 16:00
2026-08-17 16:00:05  1 file changed, 11 insertions(+)
2026-08-17 16:00:07 To https://github.com/AndrowDeluxe/Forex-Backtesting.git
2026-08-17 16:00:07    46674a5..4a8aea5  main -> main
2026-08-17 16:00:07 Commit + Push erfolgreich.
2026-08-17 16:00:07 === Gold-ASB-Scan-Task beendet ===
2026-08-17 17:00:02 === Gold-ASB-Scan-Task gestartet ===
2026-08-17 17:00:04 Gold ASB (BeyondIQCapital Demo/Eval): 5 Fenster gelesen (C:\Users\andre\GoldASB-MT5-Bridge\state\goldasb_beyondiq.sqlite3).
2026-08-17 17:00:04 
2026-08-17 17:00:04 Aktuellstes Fenster: 2026-08-17T01:00:00-04:00 -- Trend/Silber uneinig
2026-08-17 17:00:04 Gespeichert: C:\Users\andre\Forex-Backtesting\gold_asb_logs\daily_log.csv
2026-08-17 17:00:04 [main df93ae8] Gold ASB Scan: Snapshot 2026-08-17 17:00
2026-08-17 17:00:04  1 file changed, 11 insertions(+)
2026-08-17 17:00:07 To https://github.com/AndrowDeluxe/Forex-Backtesting.git
2026-08-17 17:00:07    ee457d8..df93ae8  main -> main
2026-08-17 17:00:07 Commit + Push erfolgreich.
2026-08-17 17:00:07 === Gold-ASB-Scan-Task beendet ===
2026-08-17 18:00:03 === Gold-ASB-Scan-Task gestartet ===
2026-08-17 18:00:04 Gold ASB (BeyondIQCapital Demo/Eval): 5 Fenster gelesen (C:\Users\andre\GoldASB-MT5-Bridge\state\goldasb_beyondiq.sqlite3).
2026-08-17 18:00:04 
2026-08-17 18:00:04 Aktuellstes Fenster: 2026-08-17T01:00:00-04:00 -- Trend/Silber uneinig
2026-08-17 18:00:04 Gespeichert: C:\Users\andre\Forex-Backtesting\gold_asb_logs\daily_log.csv
2026-08-17 18:00:05 [main e74e0b6] Gold ASB Scan: Snapshot 2026-08-17 18:00
2026-08-17 18:00:05  1 file changed, 11 insertions(+)
2026-08-17 18:00:07 To https://github.com/AndrowDeluxe/Forex-Backtesting.git
2026-08-17 18:00:07    4dccf67..e74e0b6  main -> main
2026-08-17 18:00:07 Commit + Push erfolgreich.
2026-08-17 18:00:07 === Gold-ASB-Scan-Task beendet ===
2026-08-17 19:00:03 === Gold-ASB-Scan-Task gestartet ===
2026-08-17 19:00:04 Gold ASB (BeyondIQCapital Demo/Eval): 5 Fenster gelesen (C:\Users\andre\GoldASB-MT5-Bridge\state\goldasb_beyondiq.sqlite3).
2026-08-17 19:00:04 
2026-08-17 19:00:04 Aktuellstes Fenster: 2026-08-17T01:00:00-04:00 -- Trend/Silber uneinig
2026-08-17 19:00:04 Gespeichert: C:\Users\andre\Forex-Backtesting\gold_asb_logs\daily_log.csv
2026-08-17 19:00:04 [main 94ccf31] Gold ASB Scan: Snapshot 2026-08-17 19:00
2026-08-17 19:00:04  1 file changed, 11 insertions(+)
2026-08-17 19:00:07 To https://github.com/AndrowDeluxe/Forex-Backtesting.git
2026-08-17 19:00:07    c39a219..94ccf31  main -> main
2026-08-17 19:00:07 Commit + Push erfolgreich.
2026-08-17 19:00:07 === Gold-ASB-Scan-Task beendet ===
2026-08-17 20:00:04 === Gold-ASB-Scan-Task gestartet ===
2026-08-17 20:00:08 Gold ASB (BeyondIQCapital Demo/Eval): 5 Fenster gelesen (C:\Users\andre\GoldASB-MT5-Bridge\state\goldasb_beyondiq.sqlite3).
2026-08-17 20:00:08 
2026-08-17 20:00:08 Aktuellstes Fenster: 2026-08-17T01:00:00-04:00 -- Trend/Silber uneinig
2026-08-17 20:00:08 Gespeichert: C:\Users\andre\Forex-Backtesting\gold_asb_logs\daily_log.csv
2026-08-17 20:00:09 [main a5e968a] Gold ASB Scan: Snapshot 2026-08-17 20:00
2026-08-17 20:00:09  1 file changed, 11 insertions(+)
2026-08-17 20:00:11 To https://github.com/AndrowDeluxe/Forex-Backtesting.git
2026-08-17 20:00:11    84814c0..a5e968a  main -> main
2026-08-17 20:00:11 Commit + Push erfolgreich.
2026-08-17 20:00:11 === Gold-ASB-Scan-Task beendet ===
2026-08-17 21:00:03 === Gold-ASB-Scan-Task gestartet ===
2026-08-17 21:00:04 Gold ASB (BeyondIQCapital Demo/Eval): 5 Fenster gelesen (C:\Users\andre\GoldASB-MT5-Bridge\state\goldasb_beyondiq.sqlite3).
2026-08-17 21:00:04 
2026-08-17 21:00:04 Aktuellstes Fenster: 2026-08-17T01:00:00-04:00 -- Trend/Silber uneinig
2026-08-17 21:00:04 Gespeichert: C:\Users\andre\Forex-Backtesting\gold_asb_logs\daily_log.csv
2026-08-17 21:00:05 [main 9024d17] Gold ASB Scan: Snapshot 2026-08-17 21:00
2026-08-17 21:00:05  1 file changed, 11 insertions(+)
2026-08-17 21:00:07 To https://github.com/AndrowDeluxe/Forex-Backtesting.git
2026-08-17 21:00:07    5ab60b7..9024d17  main -> main
2026-08-17 21:00:07 Commit + Push erfolgreich.
2026-08-17 21:00:07 === Gold-ASB-Scan-Task beendet ===
2026-08-17 22:00:02 === Gold-ASB-Scan-Task gestartet ===
2026-08-17 22:00:04 Gold ASB (BeyondIQCapital Demo/Eval): 5 Fenster gelesen (C:\Users\andre\GoldASB-MT5-Bridge\state\goldasb_beyondiq.sqlite3).
2026-08-17 22:00:04 
2026-08-17 22:00:04 Aktuellstes Fenster: 2026-08-17T01:00:00-04:00 -- Trend/Silber uneinig
2026-08-17 22:00:04 Gespeichert: C:\Users\andre\Forex-Backtesting\gold_asb_logs\daily_log.csv
2026-08-17 22:00:04 [main b912129] Gold ASB Scan: Snapshot 2026-08-17 22:00
2026-08-17 22:00:04  1 file changed, 11 insertions(+)
2026-08-17 22:00:07 To https://github.com/AndrowDeluxe/Forex-Backtesting.git
2026-08-17 22:00:07    4e3f1a2..b912129  main -> main
2026-08-17 22:00:07 Commit + Push erfolgreich.
2026-08-17 22:00:07 === Gold-ASB-Scan-Task beendet ===
2026-08-17 23:00:03 === Gold-ASB-Scan-Task gestartet ===
2026-08-17 23:00:04 Gold ASB (BeyondIQCapital Demo/Eval): 5 Fenster gelesen (C:\Users\andre\GoldASB-MT5-Bridge\state\goldasb_beyondiq.sqlite3).
2026-08-17 23:00:04 
2026-08-17 23:00:04 Aktuellstes Fenster: 2026-08-17T01:00:00-04:00 -- Trend/Silber uneinig
2026-08-17 23:00:04 Gespeichert: C:\Users\andre\Forex-Backtesting\gold_asb_logs\daily_log.csv
2026-08-17 23:00:05 [main c5af113] Gold ASB Scan: Snapshot 2026-08-17 23:00
2026-08-17 23:00:05  1 file changed, 11 insertions(+)
2026-08-17 23:00:07 To https://github.com/AndrowDeluxe/Forex-Backtesting.git
2026-08-17 23:00:07    b912129..c5af113  main -> main
2026-08-17 23:00:07 Commit + Push erfolgreich.
2026-08-17 23:00:07 === Gold-ASB-Scan-Task beendet ===
2026-08-18 11:29:54 === Gold-ASB-Scan-Task gestartet ===
2026-08-18 11:30:27 Gold ASB (BeyondIQCapital Demo/Eval): 6 Fenster gelesen (C:\Users\andre\GoldASB-MT5-Bridge\state\goldasb_beyondiq.sqlite3).
2026-08-18 11:30:27 
2026-08-18 11:30:27 Aktuellstes Fenster: 2026-08-18T01:00:00-04:00 -- Trend/Silber uneinig
2026-08-18 11:30:27 Gespeichert: C:\Users\andre\Forex-Backtesting\gold_asb_logs\daily_log.csv
2026-08-18 11:30:29 [main 01ba135] Gold ASB Scan: Snapshot 2026-08-18 11:30
2026-08-18 11:30:29  2 files changed, 6 insertions(+)
2026-08-18 11:30:37 To https://github.com/AndrowDeluxe/Forex-Backtesting.git
2026-08-18 11:30:37    e43c279..01ba135  main -> main
2026-08-18 11:30:37 Commit + Push erfolgreich.
2026-08-18 11:30:37 === Gold-ASB-Scan-Task beendet ===
2026-08-18 12:00:03 === Gold-ASB-Scan-Task gestartet ===
2026-08-18 12:00:04 Gold ASB (BeyondIQCapital Demo/Eval): 6 Fenster gelesen (C:\Users\andre\GoldASB-MT5-Bridge\state\goldasb_beyondiq.sqlite3).
2026-08-18 12:00:04 
2026-08-18 12:00:04 Aktuellstes Fenster: 2026-08-18T01:00:00-04:00 -- Trend/Silber uneinig
2026-08-18 12:00:04 Gespeichert: C:\Users\andre\Forex-Backtesting\gold_asb_logs\daily_log.csv
2026-08-18 12:00:05 [main 16f4e3c] Gold ASB Scan: Snapshot 2026-08-18 12:00
2026-08-18 12:00:05  1 file changed, 11 insertions(+)
2026-08-18 12:00:08 To https://github.com/AndrowDeluxe/Forex-Backtesting.git
2026-08-18 12:00:08    b8eed73..16f4e3c  main -> main
2026-08-18 12:00:08 Commit + Push erfolgreich.
2026-08-18 12:00:08 === Gold-ASB-Scan-Task beendet ===
2026-08-18 13:00:03 === Gold-ASB-Scan-Task gestartet ===
2026-08-18 13:00:11 Gold ASB (BeyondIQCapital Demo/Eval): 6 Fenster gelesen (C:\Users\andre\GoldASB-MT5-Bridge\state\goldasb_beyondiq.sqlite3).
2026-08-18 13:00:11 
2026-08-18 13:00:11 Aktuellstes Fenster: 2026-08-18T01:00:00-04:00 -- Trend/Silber uneinig
2026-08-18 13:00:11 Gespeichert: C:\Users\andre\Forex-Backtesting\gold_asb_logs\daily_log.csv
2026-08-18 13:00:13 [main c3626f6] Gold ASB Scan: Snapshot 2026-08-18 13:00
2026-08-18 13:00:13  1 file changed, 11 insertions(+)
2026-08-18 13:00:16 To https://github.com/AndrowDeluxe/Forex-Backtesting.git
2026-08-18 13:00:16    64102c4..c3626f6  main -> main
2026-08-18 13:00:16 Commit + Push erfolgreich.
2026-08-18 13:00:16 === Gold-ASB-Scan-Task beendet ===
2026-08-18 15:56:36 === Gold-ASB-Scan-Task gestartet ===
2026-08-18 15:57:02 Gold ASB (BeyondIQCapital Demo/Eval): 6 Fenster gelesen (C:\Users\andre\GoldASB-MT5-Bridge\state\goldasb_beyondiq.sqlite3).
2026-08-18 15:57:02 
2026-08-18 15:57:02 Aktuellstes Fenster: 2026-08-18T01:00:00-04:00 -- Trend/Silber uneinig
2026-08-18 15:57:02 Gespeichert: C:\Users\andre\Forex-Backtesting\gold_asb_logs\daily_log.csv
2026-08-18 15:57:10 [main 990dede] Gold ASB Scan: Snapshot 2026-08-18 15:57
2026-08-18 15:57:10  1 file changed, 11 insertions(+)
2026-08-18 15:57:21 To https://github.com/AndrowDeluxe/Forex-Backtesting.git
2026-08-18 15:57:21    c3626f6..990dede  main -> main
2026-08-18 15:57:21 Commit + Push erfolgreich.
2026-08-18 15:57:21 === Gold-ASB-Scan-Task beendet ===
2026-08-18 16:00:09 === Gold-ASB-Scan-Task gestartet ===
2026-08-18 16:00:18 Gold ASB (BeyondIQCapital Demo/Eval): 6 Fenster gelesen (C:\Users\andre\GoldASB-MT5-Bridge\state\goldasb_beyondiq.sqlite3).
2026-08-18 16:00:18 
2026-08-18 16:00:18 Aktuellstes Fenster: 2026-08-18T01:00:00-04:00 -- Trend/Silber uneinig
2026-08-18 16:00:18 Gespeichert: C:\Users\andre\Forex-Backtesting\gold_asb_logs\daily_log.csv
2026-08-18 16:00:21 [main 8e6671e] Gold ASB Scan: Snapshot 2026-08-18 16:00
2026-08-18 16:00:21  1 file changed, 11 insertions(+)
2026-08-18 16:00:29 To https://github.com/AndrowDeluxe/Forex-Backtesting.git
2026-08-18 16:00:29    c08797c..8e6671e  main -> main
2026-08-18 16:00:29 Commit + Push erfolgreich.
2026-08-18 16:00:29 === Gold-ASB-Scan-Task beendet ===
2026-08-18 22:00:39 === Gold-ASB-Scan-Task gestartet ===
2026-08-18 22:00:59 Gold ASB (BeyondIQCapital Demo/Eval): 6 Fenster gelesen (C:\Users\andre\GoldASB-MT5-Bridge\state\goldasb_beyondiq.sqlite3).
2026-08-18 22:00:59 
2026-08-18 22:00:59 Aktuellstes Fenster: 2026-08-18T01:00:00-04:00 -- Trend/Silber uneinig
2026-08-18 22:00:59 Gespeichert: C:\Users\andre\Forex-Backtesting\gold_asb_logs\daily_log.csv
2026-08-18 22:01:03 [main bcdaae9] Gold ASB Scan: Snapshot 2026-08-18 22:01
2026-08-18 22:01:03  1 file changed, 11 insertions(+)
2026-08-18 22:01:13 To https://github.com/AndrowDeluxe/Forex-Backtesting.git
2026-08-18 22:01:13    225ff15..bcdaae9  main -> main
2026-08-18 22:01:13 Commit + Push erfolgreich.
2026-08-18 22:01:13 === Gold-ASB-Scan-Task beendet ===
2026-08-18 23:00:05 === Gold-ASB-Scan-Task gestartet ===
2026-08-18 23:00:08 Gold ASB (BeyondIQCapital Demo/Eval): 6 Fenster gelesen (C:\Users\andre\GoldASB-MT5-Bridge\state\goldasb_beyondiq.sqlite3).
2026-08-18 23:00:08 
2026-08-18 23:00:08 Aktuellstes Fenster: 2026-08-18T01:00:00-04:00 -- Trend/Silber uneinig
2026-08-18 23:00:08 Gespeichert: C:\Users\andre\Forex-Backtesting\gold_asb_logs\daily_log.csv
2026-08-18 23:00:08 [main a8f566a] Gold ASB Scan: Snapshot 2026-08-18 23:00
2026-08-18 23:00:08  1 file changed, 11 insertions(+)
2026-08-18 23:00:11 To https://github.com/AndrowDeluxe/Forex-Backtesting.git
2026-08-18 23:00:11    cdb9b0a..a8f566a  main -> main
2026-08-18 23:00:11 Commit + Push erfolgreich.
2026-08-18 23:00:11 === Gold-ASB-Scan-Task beendet ===
2026-08-19 00:00:04 === Gold-ASB-Scan-Task gestartet ===
2026-08-19 00:00:06 Gold ASB (BeyondIQCapital Demo/Eval): 6 Fenster gelesen (C:\Users\andre\GoldASB-MT5-Bridge\state\goldasb_beyondiq.sqlite3).
2026-08-19 00:00:06 
2026-08-19 00:00:06 Aktuellstes Fenster: 2026-08-18T01:00:00-04:00 -- Trend/Silber uneinig
2026-08-19 00:00:06 Gespeichert: C:\Users\andre\Forex-Backtesting\gold_asb_logs\daily_log.csv
2026-08-19 00:00:06 [main 0751318] Gold ASB Scan: Snapshot 2026-08-19 00:00
2026-08-19 00:00:06  1 file changed, 11 insertions(+)
2026-08-19 00:00:09 To https://github.com/AndrowDeluxe/Forex-Backtesting.git
2026-08-19 00:00:09    3515d21..0751318  main -> main
2026-08-19 00:00:09 Commit + Push erfolgreich.
2026-08-19 00:00:09 === Gold-ASB-Scan-Task beendet ===
2026-08-19 03:34:43 === Gold-ASB-Scan-Task gestartet ===
2026-08-19 03:34:53 Gold ASB (BeyondIQCapital Demo/Eval): 6 Fenster gelesen (C:\Users\andre\GoldASB-MT5-Bridge\state\goldasb_beyondiq.sqlite3).
2026-08-19 03:34:54 
2026-08-19 03:34:54 Aktuellstes Fenster: 2026-08-18T01:00:00-04:00 -- Trend/Silber uneinig
2026-08-19 03:34:54 Gespeichert: C:\Users\andre\Forex-Backtesting\gold_asb_logs\daily_log.csv
2026-08-19 03:34:56 [main b800796] Gold ASB Scan: Snapshot 2026-08-19 03:34
2026-08-19 03:34:56  1 file changed, 11 insertions(+)
2026-08-19 03:35:06 To https://github.com/AndrowDeluxe/Forex-Backtesting.git
2026-08-19 03:35:06    0751318..b800796  main -> main
2026-08-19 03:35:06 Commit + Push erfolgreich.
2026-08-19 03:35:06 === Gold-ASB-Scan-Task beendet ===
2026-08-19 08:49:27 === Gold-ASB-Scan-Task gestartet ===
2026-08-19 08:49:37 Gold ASB (BeyondIQCapital Demo/Eval): 7 Fenster gelesen (C:\Users\andre\GoldASB-MT5-Bridge\state\goldasb_beyondiq.sqlite3).
2026-08-19 08:49:37 
2026-08-19 08:49:37 Aktuellstes Fenster: 2026-08-19T01:00:00-04:00 -- Trend/Silber uneinig
2026-08-19 08:49:37 Gespeichert: C:\Users\andre\Forex-Backtesting\gold_asb_logs\daily_log.csv
2026-08-19 08:49:38 [main 4fe7782] Gold ASB Scan: Snapshot 2026-08-19 08:49
2026-08-19 08:49:38  2 files changed, 12 insertions(+)
2026-08-19 08:49:41 To https://github.com/AndrowDeluxe/Forex-Backtesting.git
2026-08-19 08:49:41    b800796..4fe7782  main -> main
2026-08-19 08:49:41 Commit + Push erfolgreich.
2026-08-19 08:49:41 === Gold-ASB-Scan-Task beendet ===
2026-08-19 09:00:03 === Gold-ASB-Scan-Task gestartet ===
2026-08-19 09:00:05 Gold ASB (BeyondIQCapital Demo/Eval): 7 Fenster gelesen (C:\Users\andre\GoldASB-MT5-Bridge\state\goldasb_beyondiq.sqlite3).
2026-08-19 09:00:05 
2026-08-19 09:00:05 Aktuellstes Fenster: 2026-08-19T01:00:00-04:00 -- Trend/Silber uneinig
2026-08-19 09:00:05 Gespeichert: C:\Users\andre\Forex-Backtesting\gold_asb_logs\daily_log.csv
2026-08-19 09:00:05 [main 0980a35] Gold ASB Scan: Snapshot 2026-08-19 09:00
2026-08-19 09:00:05  1 file changed, 11 insertions(+)
2026-08-19 09:00:08 To https://github.com/AndrowDeluxe/Forex-Backtesting.git
2026-08-19 09:00:08    4fe7782..0980a35  main -> main
2026-08-19 09:00:08 Commit + Push erfolgreich.
2026-08-19 09:00:08 === Gold-ASB-Scan-Task beendet ===
2026-08-19 10:00:02 === Gold-ASB-Scan-Task gestartet ===
2026-08-19 10:00:03 Gold ASB (BeyondIQCapital Demo/Eval): 7 Fenster gelesen (C:\Users\andre\GoldASB-MT5-Bridge\state\goldasb_beyondiq.sqlite3).
2026-08-19 10:00:03 
2026-08-19 10:00:03 Aktuellstes Fenster: 2026-08-19T01:00:00-04:00 -- Trend/Silber uneinig
2026-08-19 10:00:03 Gespeichert: C:\Users\andre\Forex-Backtesting\gold_asb_logs\daily_log.csv
2026-08-19 10:00:04 [main 28464ff] Gold ASB Scan: Snapshot 2026-08-19 10:00
2026-08-19 10:00:04  1 file changed, 11 insertions(+)
2026-08-19 10:00:08 To https://github.com/AndrowDeluxe/Forex-Backtesting.git
2026-08-19 10:00:08    434b736..28464ff  main -> main
2026-08-19 10:00:08 Commit + Push erfolgreich.
2026-08-19 10:00:08 === Gold-ASB-Scan-Task beendet ===
2026-08-19 11:00:09 === Gold-ASB-Scan-Task gestartet ===
2026-08-19 11:00:10 Gold ASB (BeyondIQCapital Demo/Eval): 7 Fenster gelesen (C:\Users\andre\GoldASB-MT5-Bridge\state\goldasb_beyondiq.sqlite3).
2026-08-19 11:00:10 
2026-08-19 11:00:10 Aktuellstes Fenster: 2026-08-19T01:00:00-04:00 -- Trend/Silber uneinig
2026-08-19 11:00:10 Gespeichert: C:\Users\andre\Forex-Backtesting\gold_asb_logs\daily_log.csv
2026-08-19 11:00:11 [main 7060b14] Gold ASB Scan: Snapshot 2026-08-19 11:00
2026-08-19 11:00:11  1 file changed, 11 insertions(+)
2026-08-19 11:00:14 To https://github.com/AndrowDeluxe/Forex-Backtesting.git
2026-08-19 11:00:14    beef973..7060b14  main -> main
2026-08-19 11:00:14 Commit + Push erfolgreich.
2026-08-19 11:00:14 === Gold-ASB-Scan-Task beendet ===
2026-08-19 20:40:34 === Gold-ASB-Scan-Task gestartet ===
2026-08-19 20:41:08 Gold ASB (BeyondIQCapital Demo/Eval): 7 Fenster gelesen (C:\Users\andre\GoldASB-MT5-Bridge\state\goldasb_beyondiq.sqlite3).
2026-08-19 20:41:08 
2026-08-19 20:41:08 Aktuellstes Fenster: 2026-08-19T01:00:00-04:00 -- Trend/Silber uneinig
2026-08-19 20:41:08 Gespeichert: C:\Users\andre\Forex-Backtesting\gold_asb_logs\daily_log.csv
2026-08-19 20:41:12 [main 0d1bd53] Gold ASB Scan: Snapshot 2026-08-19 20:41
2026-08-19 20:41:12  1 file changed, 11 insertions(+)
2026-08-19 20:41:20 To https://github.com/AndrowDeluxe/Forex-Backtesting.git
2026-08-19 20:41:20    2aaa4e3..0d1bd53  main -> main
2026-08-19 20:41:20 Commit + Push erfolgreich.
2026-08-19 20:41:20 === Gold-ASB-Scan-Task beendet ===
2026-08-19 21:00:03 === Gold-ASB-Scan-Task gestartet ===
2026-08-19 21:00:04 Gold ASB (BeyondIQCapital Demo/Eval): 7 Fenster gelesen (C:\Users\andre\GoldASB-MT5-Bridge\state\goldasb_beyondiq.sqlite3).
2026-08-19 21:00:04 
2026-08-19 21:00:04 Aktuellstes Fenster: 2026-08-19T01:00:00-04:00 -- Trend/Silber uneinig
2026-08-19 21:00:04 Gespeichert: C:\Users\andre\Forex-Backtesting\gold_asb_logs\daily_log.csv
2026-08-19 21:00:05 [main 266fbcf] Gold ASB Scan: Snapshot 2026-08-19 21:00
2026-08-19 21:00:05  1 file changed, 11 insertions(+)
2026-08-19 21:00:08 To https://github.com/AndrowDeluxe/Forex-Backtesting.git
2026-08-19 21:00:08    fbab1e0..266fbcf  main -> main
2026-08-19 21:00:08 Commit + Push erfolgreich.
2026-08-19 21:00:08 === Gold-ASB-Scan-Task beendet ===
2026-08-19 22:00:02 === Gold-ASB-Scan-Task gestartet ===
2026-08-19 22:00:04 Gold ASB (BeyondIQCapital Demo/Eval): 7 Fenster gelesen (C:\Users\andre\GoldASB-MT5-Bridge\state\goldasb_beyondiq.sqlite3).
2026-08-19 22:00:04 
2026-08-19 22:00:04 Aktuellstes Fenster: 2026-08-19T01:00:00-04:00 -- Trend/Silber uneinig
2026-08-19 22:00:04 Gespeichert: C:\Users\andre\Forex-Backtesting\gold_asb_logs\daily_log.csv
2026-08-19 22:00:04 [main 0872bd6] Gold ASB Scan: Snapshot 2026-08-19 22:00
2026-08-19 22:00:04  1 file changed, 11 insertions(+)
2026-08-19 22:00:08 To https://github.com/AndrowDeluxe/Forex-Backtesting.git
2026-08-19 22:00:08    9efdc80..0872bd6  main -> main
2026-08-19 22:00:08 Commit + Push erfolgreich.
2026-08-19 22:00:08 === Gold-ASB-Scan-Task beendet ===
2026-08-19 23:00:03 === Gold-ASB-Scan-Task gestartet ===
2026-08-19 23:00:04 Gold ASB (BeyondIQCapital Demo/Eval): 7 Fenster gelesen (C:\Users\andre\GoldASB-MT5-Bridge\state\goldasb_beyondiq.sqlite3).
2026-08-19 23:00:04 
2026-08-19 23:00:04 Aktuellstes Fenster: 2026-08-19T01:00:00-04:00 -- Trend/Silber uneinig
2026-08-19 23:00:04 Gespeichert: C:\Users\andre\Forex-Backtesting\gold_asb_logs\daily_log.csv
2026-08-19 23:00:04 [main 5eaa936] Gold ASB Scan: Snapshot 2026-08-19 23:00
2026-08-19 23:00:04  1 file changed, 11 insertions(+)
2026-08-19 23:00:07 To https://github.com/AndrowDeluxe/Forex-Backtesting.git
2026-08-19 23:00:07    0872bd6..5eaa936  main -> main
2026-08-19 23:00:07 Commit + Push erfolgreich.
2026-08-19 23:00:07 === Gold-ASB-Scan-Task beendet ===
2026-08-20 00:00:02 === Gold-ASB-Scan-Task gestartet ===
2026-08-20 00:00:03 Gold ASB (BeyondIQCapital Demo/Eval): 7 Fenster gelesen (C:\Users\andre\GoldASB-MT5-Bridge\state\goldasb_beyondiq.sqlite3).
2026-08-20 00:00:03 
2026-08-20 00:00:03 Aktuellstes Fenster: 2026-08-19T01:00:00-04:00 -- Trend/Silber uneinig
2026-08-20 00:00:03 Gespeichert: C:\Users\andre\Forex-Backtesting\gold_asb_logs\daily_log.csv
2026-08-20 00:00:04 [main 9b3d63b] Gold ASB Scan: Snapshot 2026-08-20 00:00
2026-08-20 00:00:04  1 file changed, 11 insertions(+)
2026-08-20 00:00:06 To https://github.com/AndrowDeluxe/Forex-Backtesting.git
2026-08-20 00:00:06    5eaa936..9b3d63b  main -> main
2026-08-20 00:00:06 Commit + Push erfolgreich.
2026-08-20 00:00:06 === Gold-ASB-Scan-Task beendet ===
2026-08-20 05:15:56 === Gold-ASB-Scan-Task gestartet ===
2026-08-20 05:16:02 Gold ASB (BeyondIQCapital Demo/Eval): 7 Fenster gelesen (C:\Users\andre\GoldASB-MT5-Bridge\state\goldasb_beyondiq.sqlite3).
2026-08-20 05:16:02 
2026-08-20 05:16:02 Aktuellstes Fenster: 2026-08-19T01:00:00-04:00 -- Trend/Silber uneinig
2026-08-20 05:16:02 Gespeichert: C:\Users\andre\Forex-Backtesting\gold_asb_logs\daily_log.csv
2026-08-20 05:16:04 [main 9289a88] Gold ASB Scan: Snapshot 2026-08-20 05:16
2026-08-20 05:16:04  1 file changed, 11 insertions(+)
2026-08-20 05:16:10 To https://github.com/AndrowDeluxe/Forex-Backtesting.git
2026-08-20 05:16:10    e0ad56a..9289a88  main -> main
2026-08-20 05:16:10 Commit + Push erfolgreich.
2026-08-20 05:16:10 === Gold-ASB-Scan-Task beendet ===
2026-08-20 09:56:28 === Gold-ASB-Scan-Task gestartet ===
2026-08-20 09:56:33 Gold ASB (BeyondIQCapital Demo/Eval): 8 Fenster gelesen (C:\Users\andre\GoldASB-MT5-Bridge\state\goldasb_beyondiq.sqlite3).
2026-08-20 09:56:33 
2026-08-20 09:56:33 Aktuellstes Fenster: 2026-08-20T01:00:00-04:00 -- OrderSendResult(retcode=10027, deal=0, order=0, volume=0.0, price=0.0, bid=0.0, ask=0.0, comment='AutoTrading disabled by client', request_id=0, retcode_external=0, request=TradeRequest(action=5, magic=0, order=0, symbol='XAUUSD.gbe', volume=0.23, price=4484.35, stoplimit=0.0, sl=4527.18, tp=0.0, deviation=0, type=5, type_filling=1, type_time=0, expiration=0, comment='GoldASB auto', position=0, position_by=0))
2026-08-20 09:56:33 Gespeichert: C:\Users\andre\Forex-Backtesting\gold_asb_logs\daily_log.csv
