===== run_20260819_204536.log =====
2026-08-19 20:45:36,078 INFO run_once.konto1_ttp: === Lauf gestartet für Konto 1 (TTP) (DRY_RUN=False, signal_source=external) - Log: logs\konto1_ttp\run_20260819_204536.log ===
2026-08-19 20:45:45,128 CRITICAL executor: HALTEDAUER-WARNUNG: Position UPS (Ticket 17530516) ist seit 21 Tagen offen (Limit 10 Tage) - manuell prüfen/schließen. Aktueller P/L -114.96.
2026-08-19 20:45:45,132 CRITICAL executor: HALTEDAUER-WARNUNG: Position REG (Ticket 17744149) ist seit 12 Tagen offen (Limit 10 Tage) - manuell prüfen/schließen. Aktueller P/L -131.52.
2026-08-19 20:45:45,134 CRITICAL executor: HALTEDAUER-WARNUNG: Position D (Ticket 17763555) ist seit 12 Tagen offen (Limit 10 Tage) - manuell prüfen/schließen. Aktueller P/L 286.89.
2026-08-19 20:45:45,139 CRITICAL run_once.konto1_ttp: 3 Position(en) über Haltedauer-Limit: [{'ticket': 17530516, 'symbol': 'UPS', 'holding_days': 21, 'profit': -114.96}, {'ticket': 17744149, 'symbol': 'REG', 'holding_days': 12, 'profit': -131.52}, {'ticket': 17763555, 'symbol': 'D', 'holding_days': 12, 'profit': 286.89}]
2026-08-19 20:45:45,752 ERROR run_once.konto1_ttp: Kein Scan-Ergebnis verfügbar (gemeinsamer Scan für alle Konten ist fehlgeschlagen) - keine neuen Orders in diesem Lauf.
2026-08-19 20:45:45,754 INFO run_once.konto1_ttp: === Lauf für Konto 1 (TTP) beendet ===


===== run_20260819_213523.log =====
2026-08-19 21:35:23,771 INFO run_once.konto1_ttp: === Lauf gestartet für Konto 1 (TTP) (DRY_RUN=False, signal_source=external) - Log: logs\konto1_ttp\run_20260819_213523.log ===
2026-08-19 21:35:23,832 CRITICAL executor: HALTEDAUER-WARNUNG: Position UPS (Ticket 17530516) ist seit 21 Tagen offen (Limit 10 Tage) - manuell prüfen/schließen. Aktueller P/L -117.84.
2026-08-19 21:35:23,834 CRITICAL executor: HALTEDAUER-WARNUNG: Position REG (Ticket 17744149) ist seit 12 Tagen offen (Limit 10 Tage) - manuell prüfen/schließen. Aktueller P/L -133.44.
2026-08-19 21:35:23,836 CRITICAL executor: HALTEDAUER-WARNUNG: Position D (Ticket 17763555) ist seit 12 Tagen offen (Limit 10 Tage) - manuell prüfen/schließen. Aktueller P/L 273.79.
2026-08-19 21:35:23,840 CRITICAL run_once.konto1_ttp: 3 Position(en) über Haltedauer-Limit: [{'ticket': 17530516, 'symbol': 'UPS', 'holding_days': 21, 'profit': -117.84}, {'ticket': 17744149, 'symbol': 'REG', 'holding_days': 12, 'profit': -133.44}, {'ticket': 17763555, 'symbol': 'D', 'holding_days': 12, 'profit': 273.79}]
2026-08-19 21:35:24,098 INFO run_once.konto1_ttp: 5 Signal(e) verfügbar (gemeinsamer Scan für alle Konten).
2026-08-19 21:35:24,101 INFO run_once.konto1_ttp: Tages-Drawdown-Check: Baseline-Equity 97958.32, aktueller Drawdown 0.10% (Limit 2.0%)
2026-08-19 21:35:24,106 WARNING executor: Symbol 'STLD' (MT5-Name 'STLD') ist auf diesem Konto nicht handelbar - Signal wird übersprungen.
2026-08-19 21:35:24,106 INFO run_once.konto1_ttp: Ergebnis: {'status': 'skipped', 'reason': 'unmapped_symbol', 'signal': {'symbol': 'STLD', 'direction': 'Long', 'entry': 227.6, 'sl': 208.08, 'tp': 256.88}}
2026-08-19 21:35:24,108 WARNING executor: Symbol 'FITB' (MT5-Name 'FITB') ist auf diesem Konto nicht handelbar - Signal wird übersprungen.
2026-08-19 21:35:24,108 INFO run_once.konto1_ttp: Ergebnis: {'status': 'skipped', 'reason': 'unmapped_symbol', 'signal': {'symbol': 'FITB', 'direction': 'Long', 'entry': 55.46, 'sl': 54.18, 'tp': 57.36}}
2026-08-19 21:35:24,110 WARNING executor: Symbol 'EQR' (MT5-Name 'EQR') ist auf diesem Konto nicht handelbar - Signal wird übersprungen.
2026-08-19 21:35:24,110 INFO run_once.konto1_ttp: Ergebnis: {'status': 'skipped', 'reason': 'unmapped_symbol', 'signal': {'symbol': 'EQR', 'direction': 'Long', 'entry': 63.66, 'sl': 59.66, 'tp': 69.66}}
2026-08-19 21:35:24,112 WARNING executor: Symbol 'KEY' (MT5-Name 'KEY') ist auf diesem Konto nicht handelbar - Signal wird übersprungen.
2026-08-19 21:35:24,112 INFO run_once.konto1_ttp: Ergebnis: {'status': 'skipped', 'reason': 'unmapped_symbol', 'signal': {'symbol': 'KEY', 'direction': 'Long', 'entry': 22.1, 'sl': 21.52, 'tp': 22.98}}
2026-08-19 21:35:24,363 INFO executor: Order gesendet: {'symbol': 'CMI', 'volume': 7.0, 'type': 'BUY', 'entry': 608.17, 'sl': 574.73, 'tp': 654.42} -> Ticket 17980385
2026-08-19 21:35:24,395 INFO run_once.konto1_ttp: Ergebnis: {'status': 'sent', 'order': {'symbol': 'CMI', 'volume': 7.0, 'type': 'BUY', 'entry': 608.17, 'sl': 574.73, 'tp': 654.42}, 'signal': {'symbol': 'CMI', 'direction': 'Long', 'entry': 606.61, 'sl': 574.73, 'tp': 654.42}, 'ticket': 17980385, 'risk': 234.0799999999996}
2026-08-19 21:35:24,401 INFO run_once.konto1_ttp: === Lauf für Konto 1 (TTP) beendet ===
