===== run_20260820_153813.log =====
2026-08-20 15:38:13,770 INFO run_once.konto1_ttp: === Lauf gestartet für Konto 1 (TTP) (DRY_RUN=False, signal_source=external) - Log: logs\konto1_ttp\run_20260820_153813.log ===
2026-08-20 15:38:13,969 CRITICAL executor: HALTEDAUER-WARNUNG: Position UPS (Ticket 17530516) ist seit 22 Tagen offen (Limit 10 Tage) - manuell prüfen/schließen. Aktueller P/L -137.52.
2026-08-20 15:38:13,971 CRITICAL executor: HALTEDAUER-WARNUNG: Position REG (Ticket 17744149) ist seit 13 Tagen offen (Limit 10 Tage) - manuell prüfen/schließen. Aktueller P/L -147.84.
2026-08-20 15:38:13,972 CRITICAL executor: HALTEDAUER-WARNUNG: Position D (Ticket 17763555) ist seit 13 Tagen offen (Limit 10 Tage) - manuell prüfen/schließen. Aktueller P/L 265.93.
2026-08-20 15:38:13,976 CRITICAL run_once.konto1_ttp: 3 Position(en) über Haltedauer-Limit: [{'ticket': 17530516, 'symbol': 'UPS', 'holding_days': 22, 'profit': -137.52}, {'ticket': 17744149, 'symbol': 'REG', 'holding_days': 13, 'profit': -147.84}, {'ticket': 17763555, 'symbol': 'D', 'holding_days': 13, 'profit': 265.93}]
2026-08-20 15:38:14,247 INFO run_once.konto1_ttp: 8 Signal(e) verfügbar (gemeinsamer Scan für alle Konten).
2026-08-20 15:38:14,252 INFO run_once.konto1_ttp: Tages-Drawdown-Check: Baseline-Equity 97694.27, aktueller Drawdown 0.00% (Limit 2.0%)
2026-08-20 15:38:14,258 WARNING executor: Symbol 'STLD' (MT5-Name 'STLD') ist auf diesem Konto nicht handelbar - Signal wird übersprungen.
2026-08-20 15:38:14,258 INFO run_once.konto1_ttp: Ergebnis: {'status': 'skipped', 'reason': 'unmapped_symbol', 'signal': {'symbol': 'STLD', 'direction': 'Long', 'entry': 225.69, 'sl': 203.71, 'tp': 258.66}}
2026-08-20 15:38:14,259 WARNING executor: Symbol 'FITB' (MT5-Name 'FITB') ist auf diesem Konto nicht handelbar - Signal wird übersprungen.
2026-08-20 15:38:14,260 INFO run_once.konto1_ttp: Ergebnis: {'status': 'skipped', 'reason': 'unmapped_symbol', 'signal': {'symbol': 'FITB', 'direction': 'Long', 'entry': 54.67, 'sl': 52.84, 'tp': 57.4}}
2026-08-20 15:38:14,261 WARNING executor: Symbol 'MTB' (MT5-Name 'MTB') ist auf diesem Konto nicht handelbar - Signal wird übersprungen.
2026-08-20 15:38:14,261 INFO run_once.konto1_ttp: Ergebnis: {'status': 'skipped', 'reason': 'unmapped_symbol', 'signal': {'symbol': 'MTB', 'direction': 'Long', 'entry': 242.63, 'sl': 236.38, 'tp': 252.0}}
2026-08-20 15:38:14,804 INFO executor: Order gesendet: {'symbol': 'DAL', 'volume': 40.0, 'type': 'BUY', 'entry': 81.82, 'sl': 75.79, 'tp': 91.34} -> Ticket 17997112
2026-08-20 15:38:15,114 INFO run_once.konto1_ttp: Ergebnis: {'status': 'sent', 'order': {'symbol': 'DAL', 'volume': 40.0, 'type': 'BUY', 'entry': 81.82, 'sl': 75.79, 'tp': 91.34}, 'signal': {'symbol': 'DAL', 'direction': 'Long', 'entry': 82.01, 'sl': 75.79, 'tp': 91.34}, 'ticket': 17997112, 'risk': 241.19999999999948}
2026-08-20 15:38:15,123 WARNING executor: Symbol 'ROST' (MT5-Name 'ROST') ist auf diesem Konto nicht handelbar - Signal wird übersprungen.
2026-08-20 15:38:15,124 INFO run_once.konto1_ttp: Ergebnis: {'status': 'skipped', 'reason': 'unmapped_symbol', 'signal': {'symbol': 'ROST', 'direction': 'Long', 'entry': 230.69, 'sl': 215.2, 'tp': 253.92}}
2026-08-20 15:38:15,125 WARNING executor: Symbol 'KEY' (MT5-Name 'KEY') ist auf diesem Konto nicht handelbar - Signal wird übersprungen.
2026-08-20 15:38:15,126 INFO run_once.konto1_ttp: Ergebnis: {'status': 'skipped', 'reason': 'unmapped_symbol', 'signal': {'symbol': 'KEY', 'direction': 'Long', 'entry': 21.99, 'sl': 21.32, 'tp': 23.0}}
2026-08-20 15:38:15,127 WARNING executor: Symbol 'PNC' (MT5-Name 'PNC') ist auf diesem Konto nicht handelbar - Signal wird übersprungen.
2026-08-20 15:38:15,127 INFO run_once.konto1_ttp: Ergebnis: {'status': 'skipped', 'reason': 'unmapped_symbol', 'signal': {'symbol': 'PNC', 'direction': 'Long', 'entry': 245.46, 'sl': 239.16, 'tp': 254.91}}
2026-08-20 15:38:15,129 WARNING executor: Symbol 'TFC' (MT5-Name 'TFC') ist auf diesem Konto nicht handelbar - Signal wird übersprungen.
2026-08-20 15:38:15,129 INFO run_once.konto1_ttp: Ergebnis: {'status': 'skipped', 'reason': 'unmapped_symbol', 'signal': {'symbol': 'TFC', 'direction': 'Long', 'entry': 50.62, 'sl': 49.4, 'tp': 52.46}}
2026-08-20 15:38:15,130 INFO run_once.konto1_ttp: === Lauf für Konto 1 (TTP) beendet ===


===== run_20260820_163521.log =====
2026-08-20 16:35:21,647 INFO run_once.konto1_ttp: === Lauf gestartet für Konto 1 (TTP) (DRY_RUN=False, signal_source=external) - Log: logs\konto1_ttp\run_20260820_163521.log ===
2026-08-20 16:35:21,690 CRITICAL executor: HALTEDAUER-WARNUNG: Position UPS (Ticket 17530516) ist seit 22 Tagen offen (Limit 10 Tage) - manuell prüfen/schließen. Aktueller P/L -126.96.
2026-08-20 16:35:21,692 CRITICAL executor: HALTEDAUER-WARNUNG: Position REG (Ticket 17744149) ist seit 13 Tagen offen (Limit 10 Tage) - manuell prüfen/schließen. Aktueller P/L -114.24.
2026-08-20 16:35:21,693 CRITICAL executor: HALTEDAUER-WARNUNG: Position D (Ticket 17763555) ist seit 13 Tagen offen (Limit 10 Tage) - manuell prüfen/schließen. Aktueller P/L 195.19.
2026-08-20 16:35:21,699 CRITICAL run_once.konto1_ttp: 3 Position(en) über Haltedauer-Limit: [{'ticket': 17530516, 'symbol': 'UPS', 'holding_days': 22, 'profit': -126.96}, {'ticket': 17744149, 'symbol': 'REG', 'holding_days': 13, 'profit': -114.24}, {'ticket': 17763555, 'symbol': 'D', 'holding_days': 13, 'profit': 195.19}]
2026-08-20 16:35:21,955 INFO run_once.konto1_ttp: 8 Signal(e) verfügbar (gemeinsamer Scan für alle Konten).
2026-08-20 16:35:21,957 INFO run_once.konto1_ttp: Tages-Drawdown-Check: Baseline-Equity 97694.27, aktueller Drawdown 0.08% (Limit 2.0%)
2026-08-20 16:35:21,961 WARNING executor: Symbol 'STLD' (MT5-Name 'STLD') ist auf diesem Konto nicht handelbar - Signal wird übersprungen.
2026-08-20 16:35:21,961 INFO run_once.konto1_ttp: Ergebnis: {'status': 'skipped', 'reason': 'unmapped_symbol', 'signal': {'symbol': 'STLD', 'direction': 'Long', 'entry': 225.69, 'sl': 203.71, 'tp': 258.66}}
2026-08-20 16:35:21,963 WARNING executor: Symbol 'FITB' (MT5-Name 'FITB') ist auf diesem Konto nicht handelbar - Signal wird übersprungen.
2026-08-20 16:35:21,963 INFO run_once.konto1_ttp: Ergebnis: {'status': 'skipped', 'reason': 'unmapped_symbol', 'signal': {'symbol': 'FITB', 'direction': 'Long', 'entry': 54.67, 'sl': 52.84, 'tp': 57.4}}
2026-08-20 16:35:21,965 WARNING executor: Symbol 'MTB' (MT5-Name 'MTB') ist auf diesem Konto nicht handelbar - Signal wird übersprungen.
2026-08-20 16:35:21,965 INFO run_once.konto1_ttp: Ergebnis: {'status': 'skipped', 'reason': 'unmapped_symbol', 'signal': {'symbol': 'MTB', 'direction': 'Long', 'entry': 242.63, 'sl': 236.38, 'tp': 252.0}}
2026-08-20 16:35:21,966 INFO run_once.konto1_ttp: Bereits heute ausgeführt, übersprungen: {'symbol': 'DAL', 'direction': 'Long', 'entry': 82.01, 'sl': 75.79, 'tp': 91.34}
2026-08-20 16:35:21,968 WARNING executor: Symbol 'ROST' (MT5-Name 'ROST') ist auf diesem Konto nicht handelbar - Signal wird übersprungen.
2026-08-20 16:35:21,968 INFO run_once.konto1_ttp: Ergebnis: {'status': 'skipped', 'reason': 'unmapped_symbol', 'signal': {'symbol': 'ROST', 'direction': 'Long', 'entry': 230.69, 'sl': 215.2, 'tp': 253.92}}
2026-08-20 16:35:21,969 WARNING executor: Symbol 'KEY' (MT5-Name 'KEY') ist auf diesem Konto nicht handelbar - Signal wird übersprungen.
2026-08-20 16:35:21,969 INFO run_once.konto1_ttp: Ergebnis: {'status': 'skipped', 'reason': 'unmapped_symbol', 'signal': {'symbol': 'KEY', 'direction': 'Long', 'entry': 21.99, 'sl': 21.32, 'tp': 23.0}}
2026-08-20 16:35:21,971 WARNING executor: Symbol 'PNC' (MT5-Name 'PNC') ist auf diesem Konto nicht handelbar - Signal wird übersprungen.
2026-08-20 16:35:21,971 INFO run_once.konto1_ttp: Ergebnis: {'status': 'skipped', 'reason': 'unmapped_symbol', 'signal': {'symbol': 'PNC', 'direction': 'Long', 'entry': 245.46, 'sl': 239.16, 'tp': 254.91}}
2026-08-20 16:35:21,972 WARNING executor: Symbol 'TFC' (MT5-Name 'TFC') ist auf diesem Konto nicht handelbar - Signal wird übersprungen.
2026-08-20 16:35:21,972 INFO run_once.konto1_ttp: Ergebnis: {'status': 'skipped', 'reason': 'unmapped_symbol', 'signal': {'symbol': 'TFC', 'direction': 'Long', 'entry': 50.62, 'sl': 49.4, 'tp': 52.46}}
2026-08-20 16:35:21,973 INFO run_once.konto1_ttp: === Lauf für Konto 1 (TTP) beendet ===


===== run_20260820_173521.log =====
2026-08-20 17:35:21,785 INFO run_once.konto1_ttp: === Lauf gestartet für Konto 1 (TTP) (DRY_RUN=False, signal_source=external) - Log: logs\konto1_ttp\run_20260820_173521.log ===
2026-08-20 17:35:21,928 CRITICAL executor: HALTEDAUER-WARNUNG: Position UPS (Ticket 17530516) ist seit 22 Tagen offen (Limit 10 Tage) - manuell prüfen/schließen. Aktueller P/L -106.80.
2026-08-20 17:35:21,930 CRITICAL executor: HALTEDAUER-WARNUNG: Position REG (Ticket 17744149) ist seit 13 Tagen offen (Limit 10 Tage) - manuell prüfen/schließen. Aktueller P/L -94.08.
2026-08-20 17:35:21,931 CRITICAL executor: HALTEDAUER-WARNUNG: Position D (Ticket 17763555) ist seit 13 Tagen offen (Limit 10 Tage) - manuell prüfen/schließen. Aktueller P/L 208.29.
2026-08-20 17:35:21,933 CRITICAL executor: HALTEDAUER-WARNUNG: Position CVS (Ticket 17795619) ist seit 10 Tagen offen (Limit 10 Tage) - manuell prüfen/schließen. Aktueller P/L -51.52.
2026-08-20 17:35:21,937 CRITICAL run_once.konto1_ttp: 4 Position(en) über Haltedauer-Limit: [{'ticket': 17530516, 'symbol': 'UPS', 'holding_days': 22, 'profit': -106.8}, {'ticket': 17744149, 'symbol': 'REG', 'holding_days': 13, 'profit': -94.08}, {'ticket': 17763555, 'symbol': 'D', 'holding_days': 13, 'profit': 208.29}, {'ticket': 17795619, 'symbol': 'CVS', 'holding_days': 10, 'profit': -51.52}]
2026-08-20 17:35:22,146 INFO run_once.konto1_ttp: 8 Signal(e) verfügbar (gemeinsamer Scan für alle Konten).
2026-08-20 17:35:22,149 INFO run_once.konto1_ttp: Tages-Drawdown-Check: Baseline-Equity 97694.27, aktueller Drawdown -0.03% (Limit 2.0%)
2026-08-20 17:35:22,154 WARNING executor: Symbol 'STLD' (MT5-Name 'STLD') ist auf diesem Konto nicht handelbar - Signal wird übersprungen.
2026-08-20 17:35:22,154 INFO run_once.konto1_ttp: Ergebnis: {'status': 'skipped', 'reason': 'unmapped_symbol', 'signal': {'symbol': 'STLD', 'direction': 'Long', 'entry': 225.69, 'sl': 203.71, 'tp': 258.66}}
2026-08-20 17:35:22,156 WARNING executor: Symbol 'FITB' (MT5-Name 'FITB') ist auf diesem Konto nicht handelbar - Signal wird übersprungen.
2026-08-20 17:35:22,157 INFO run_once.konto1_ttp: Ergebnis: {'status': 'skipped', 'reason': 'unmapped_symbol', 'signal': {'symbol': 'FITB', 'direction': 'Long', 'entry': 54.67, 'sl': 52.84, 'tp': 57.4}}
2026-08-20 17:35:22,158 WARNING executor: Symbol 'MTB' (MT5-Name 'MTB') ist auf diesem Konto nicht handelbar - Signal wird übersprungen.
2026-08-20 17:35:22,158 INFO run_once.konto1_ttp: Ergebnis: {'status': 'skipped', 'reason': 'unmapped_symbol', 'signal': {'symbol': 'MTB', 'direction': 'Long', 'entry': 242.63, 'sl': 236.38, 'tp': 252.0}}
2026-08-20 17:35:22,160 INFO run_once.konto1_ttp: Bereits heute ausgeführt, übersprungen: {'symbol': 'DAL', 'direction': 'Long', 'entry': 82.01, 'sl': 75.79, 'tp': 91.34}
2026-08-20 17:35:22,162 WARNING executor: Symbol 'ROST' (MT5-Name 'ROST') ist auf diesem Konto nicht handelbar - Signal wird übersprungen.
2026-08-20 17:35:22,162 INFO run_once.konto1_ttp: Ergebnis: {'status': 'skipped', 'reason': 'unmapped_symbol', 'signal': {'symbol': 'ROST', 'direction': 'Long', 'entry': 230.69, 'sl': 215.2, 'tp': 253.92}}
2026-08-20 17:35:22,164 WARNING executor: Symbol 'KEY' (MT5-Name 'KEY') ist auf diesem Konto nicht handelbar - Signal wird übersprungen.
2026-08-20 17:35:22,164 INFO run_once.konto1_ttp: Ergebnis: {'status': 'skipped', 'reason': 'unmapped_symbol', 'signal': {'symbol': 'KEY', 'direction': 'Long', 'entry': 21.99, 'sl': 21.32, 'tp': 23.0}}
2026-08-20 17:35:22,166 WARNING executor: Symbol 'PNC' (MT5-Name 'PNC') ist auf diesem Konto nicht handelbar - Signal wird übersprungen.
2026-08-20 17:35:22,166 INFO run_once.konto1_ttp: Ergebnis: {'status': 'skipped', 'reason': 'unmapped_symbol', 'signal': {'symbol': 'PNC', 'direction': 'Long', 'entry': 245.46, 'sl': 239.16, 'tp': 254.91}}
2026-08-20 17:35:22,168 WARNING executor: Symbol 'TFC' (MT5-Name 'TFC') ist auf diesem Konto nicht handelbar - Signal wird übersprungen.
2026-08-20 17:35:22,168 INFO run_once.konto1_ttp: Ergebnis: {'status': 'skipped', 'reason': 'unmapped_symbol', 'signal': {'symbol': 'TFC', 'direction': 'Long', 'entry': 50.62, 'sl': 49.4, 'tp': 52.46}}
2026-08-20 17:35:22,169 INFO run_once.konto1_ttp: === Lauf für Konto 1 (TTP) beendet ===


===== run_20260820_183841.log =====
2026-08-20 18:38:41,188 INFO run_once.konto1_ttp: === Lauf gestartet für Konto 1 (TTP) (DRY_RUN=False, signal_source=external) - Log: logs\konto1_ttp\run_20260820_183841.log ===
2026-08-20 18:38:41,318 CRITICAL executor: HALTEDAUER-WARNUNG: Position UPS (Ticket 17530516) ist seit 22 Tagen offen (Limit 10 Tage) - manuell prüfen/schließen. Aktueller P/L -109.92.
2026-08-20 18:38:41,320 CRITICAL executor: HALTEDAUER-WARNUNG: Position REG (Ticket 17744149) ist seit 13 Tagen offen (Limit 10 Tage) - manuell prüfen/schließen. Aktueller P/L -92.16.
2026-08-20 18:38:41,321 CRITICAL executor: HALTEDAUER-WARNUNG: Position D (Ticket 17763555) ist seit 13 Tagen offen (Limit 10 Tage) - manuell prüfen/schließen. Aktueller P/L 151.96.
2026-08-20 18:38:41,323 CRITICAL executor: HALTEDAUER-WARNUNG: Position CVS (Ticket 17795619) ist seit 10 Tagen offen (Limit 10 Tage) - manuell prüfen/schließen. Aktueller P/L -41.60.
2026-08-20 18:38:41,327 CRITICAL run_once.konto1_ttp: 4 Position(en) über Haltedauer-Limit: [{'ticket': 17530516, 'symbol': 'UPS', 'holding_days': 22, 'profit': -109.92}, {'ticket': 17744149, 'symbol': 'REG', 'holding_days': 13, 'profit': -92.16}, {'ticket': 17763555, 'symbol': 'D', 'holding_days': 13, 'profit': 151.96}, {'ticket': 17795619, 'symbol': 'CVS', 'holding_days': 10, 'profit': -41.6}]
2026-08-20 18:38:41,575 INFO run_once.konto1_ttp: 8 Signal(e) verfügbar (gemeinsamer Scan für alle Konten).
2026-08-20 18:38:41,577 INFO run_once.konto1_ttp: Tages-Drawdown-Check: Baseline-Equity 97694.27, aktueller Drawdown 0.08% (Limit 2.0%)
2026-08-20 18:38:41,582 WARNING executor: Symbol 'STLD' (MT5-Name 'STLD') ist auf diesem Konto nicht handelbar - Signal wird übersprungen.
2026-08-20 18:38:41,582 INFO run_once.konto1_ttp: Ergebnis: {'status': 'skipped', 'reason': 'unmapped_symbol', 'signal': {'symbol': 'STLD', 'direction': 'Long', 'entry': 221.62, 'sl': 198.45, 'tp': 256.38}}
2026-08-20 18:38:41,583 INFO run_once.konto1_ttp: Bereits heute ausgeführt, übersprungen: {'symbol': 'DAL', 'direction': 'Long', 'entry': 81.38, 'sl': 75.01, 'tp': 90.93}
2026-08-20 18:38:41,585 WARNING executor: Symbol 'ROST' (MT5-Name 'ROST') ist auf diesem Konto nicht handelbar - Signal wird übersprungen.
2026-08-20 18:38:41,585 INFO run_once.konto1_ttp: Ergebnis: {'status': 'skipped', 'reason': 'unmapped_symbol', 'signal': {'symbol': 'ROST', 'direction': 'Long', 'entry': 229.4, 'sl': 213.62, 'tp': 253.06}}
2026-08-20 18:38:42,120 INFO executor: Order gesendet: {'symbol': 'UAL', 'volume': 22.0, 'type': 'BUY', 'entry': 112.25, 'sl': 101.42, 'tp': 128.35} -> Ticket 18003269
2026-08-20 18:38:42,428 INFO run_once.konto1_ttp: Ergebnis: {'status': 'sent', 'order': {'symbol': 'UAL', 'volume': 22.0, 'type': 'BUY', 'entry': 112.25, 'sl': 101.42, 'tp': 128.35}, 'signal': {'symbol': 'UAL', 'direction': 'Long', 'entry': 112.19, 'sl': 101.42, 'tp': 128.35}, 'ticket': 18003269, 'risk': 238.25999999999996}
2026-08-20 18:38:42,438 WARNING executor: Symbol 'FITB' (MT5-Name 'FITB') ist auf diesem Konto nicht handelbar - Signal wird übersprungen.
2026-08-20 18:38:42,438 INFO run_once.konto1_ttp: Ergebnis: {'status': 'skipped', 'reason': 'unmapped_symbol', 'signal': {'symbol': 'FITB', 'direction': 'Long', 'entry': 54.99, 'sl': 53.26, 'tp': 57.59}}
2026-08-20 18:38:42,441 INFO executor: Für CMI ist bereits eine Position offen (Ticket 17980385) - Signal wird übersprungen, auch wenn es erneut im Scan auftaucht.
2026-08-20 18:38:42,442 INFO run_once.konto1_ttp: Ergebnis: {'status': 'skipped', 'reason': 'position_already_open', 'signal': {'symbol': 'CMI', 'direction': 'Long', 'entry': 597.2, 'sl': 563.18, 'tp': 648.22}}
2026-08-20 18:38:42,443 WARNING executor: Symbol 'MTB' (MT5-Name 'MTB') ist auf diesem Konto nicht handelbar - Signal wird übersprungen.
2026-08-20 18:38:42,444 INFO run_once.konto1_ttp: Ergebnis: {'status': 'skipped', 'reason': 'unmapped_symbol', 'signal': {'symbol': 'MTB', 'direction': 'Long', 'entry': 242.48, 'sl': 236.19, 'tp': 251.91}}
2026-08-20 18:38:42,445 WARNING executor: Symbol 'KEY' (MT5-Name 'KEY') ist auf diesem Konto nicht handelbar - Signal wird übersprungen.
2026-08-20 18:38:42,446 INFO run_once.konto1_ttp: Ergebnis: {'status': 'skipped', 'reason': 'unmapped_symbol', 'signal': {'symbol': 'KEY', 'direction': 'Long', 'entry': 22.01, 'sl': 21.35, 'tp': 23.01}}
2026-08-20 18:38:42,446 INFO run_once.konto1_ttp: === Lauf für Konto 1 (TTP) beendet ===


===== run_20260820_193835.log =====
2026-08-20 19:38:35,100 INFO run_once.konto1_ttp: === Lauf gestartet für Konto 1 (TTP) (DRY_RUN=False, signal_source=external) - Log: logs\konto1_ttp\run_20260820_193835.log ===
2026-08-20 19:38:35,152 CRITICAL executor: HALTEDAUER-WARNUNG: Position UPS (Ticket 17530516) ist seit 22 Tagen offen (Limit 10 Tage) - manuell prüfen/schließen. Aktueller P/L -102.24.
2026-08-20 19:38:35,154 CRITICAL executor: HALTEDAUER-WARNUNG: Position REG (Ticket 17744149) ist seit 13 Tagen offen (Limit 10 Tage) - manuell prüfen/schließen. Aktueller P/L -110.40.
2026-08-20 19:38:35,156 CRITICAL executor: HALTEDAUER-WARNUNG: Position D (Ticket 17763555) ist seit 13 Tagen offen (Limit 10 Tage) - manuell prüfen/schließen. Aktueller P/L 193.88.
2026-08-20 19:38:35,157 CRITICAL executor: HALTEDAUER-WARNUNG: Position CVS (Ticket 17795619) ist seit 10 Tagen offen (Limit 10 Tage) - manuell prüfen/schließen. Aktueller P/L -43.52.
2026-08-20 19:38:35,162 CRITICAL run_once.konto1_ttp: 4 Position(en) über Haltedauer-Limit: [{'ticket': 17530516, 'symbol': 'UPS', 'holding_days': 22, 'profit': -102.24}, {'ticket': 17744149, 'symbol': 'REG', 'holding_days': 13, 'profit': -110.4}, {'ticket': 17763555, 'symbol': 'D', 'holding_days': 13, 'profit': 193.88}, {'ticket': 17795619, 'symbol': 'CVS', 'holding_days': 10, 'profit': -43.52}]
2026-08-20 19:38:35,478 INFO run_once.konto1_ttp: 12 Signal(e) verfügbar (gemeinsamer Scan für alle Konten).
2026-08-20 19:38:35,481 INFO run_once.konto1_ttp: Tages-Drawdown-Check: Baseline-Equity 97694.27, aktueller Drawdown 0.07% (Limit 2.0%)
2026-08-20 19:38:35,485 WARNING executor: Symbol 'STLD' (MT5-Name 'STLD') ist auf diesem Konto nicht handelbar - Signal wird übersprungen.
2026-08-20 19:38:35,485 INFO run_once.konto1_ttp: Ergebnis: {'status': 'skipped', 'reason': 'unmapped_symbol', 'signal': {'symbol': 'STLD', 'direction': 'Long', 'entry': 219.92, 'sl': 196.23, 'tp': 255.46}}
2026-08-20 19:38:35,487 INFO run_once.konto1_ttp: Bereits heute ausgeführt, übersprungen: {'symbol': 'DAL', 'direction': 'Long', 'entry': 81.28, 'sl': 74.89, 'tp': 90.87}
2026-08-20 19:38:35,489 INFO run_once.konto1_ttp: Bereits heute ausgeführt, übersprungen: {'symbol': 'UAL', 'direction': 'Long', 'entry': 111.87, 'sl': 101.03, 'tp': 128.14}
2026-08-20 19:38:35,491 INFO executor: Für CMI ist bereits eine Position offen (Ticket 17980385) - Signal wird übersprungen, auch wenn es erneut im Scan auftaucht.
2026-08-20 19:38:35,491 INFO run_once.konto1_ttp: Ergebnis: {'status': 'skipped', 'reason': 'position_already_open', 'signal': {'symbol': 'CMI', 'direction': 'Long', 'entry': 595.09, 'sl': 560.58, 'tp': 646.87}}
2026-08-20 19:38:35,493 WARNING executor: Symbol 'FITB' (MT5-Name 'FITB') ist auf diesem Konto nicht handelbar - Signal wird übersprungen.
2026-08-20 19:38:35,493 INFO run_once.konto1_ttp: Ergebnis: {'status': 'skipped', 'reason': 'unmapped_symbol', 'signal': {'symbol': 'FITB', 'direction': 'Long', 'entry': 54.9, 'sl': 53.14, 'tp': 57.54}}
2026-08-20 19:38:35,494 WARNING executor: Symbol 'ROST' (MT5-Name 'ROST') ist auf diesem Konto nicht handelbar - Signal wird übersprungen.
2026-08-20 19:38:35,494 INFO run_once.konto1_ttp: Ergebnis: {'status': 'skipped', 'reason': 'unmapped_symbol', 'signal': {'symbol': 'ROST', 'direction': 'Long', 'entry': 229.37, 'sl': 213.58, 'tp': 253.05}}
2026-08-20 19:38:35,496 WARNING executor: Symbol 'MTB' (MT5-Name 'MTB') ist auf diesem Konto nicht handelbar - Signal wird übersprungen.
2026-08-20 19:38:35,496 INFO run_once.konto1_ttp: Ergebnis: {'status': 'skipped', 'reason': 'unmapped_symbol', 'signal': {'symbol': 'MTB', 'direction': 'Long', 'entry': 242.28, 'sl': 235.94, 'tp': 251.79}}
2026-08-20 19:38:35,497 WARNING executor: Symbol 'KEY' (MT5-Name 'KEY') ist auf diesem Konto nicht handelbar - Signal wird übersprungen.
2026-08-20 19:38:35,497 INFO run_once.konto1_ttp: Ergebnis: {'status': 'skipped', 'reason': 'unmapped_symbol', 'signal': {'symbol': 'KEY', 'direction': 'Long', 'entry': 21.97, 'sl': 21.29, 'tp': 22.98}}
2026-08-20 19:38:35,499 WARNING executor: Symbol 'PNC' (MT5-Name 'PNC') ist auf diesem Konto nicht handelbar - Signal wird übersprungen.
2026-08-20 19:38:35,499 INFO run_once.konto1_ttp: Ergebnis: {'status': 'skipped', 'reason': 'unmapped_symbol', 'signal': {'symbol': 'PNC', 'direction': 'Long', 'entry': 245.21, 'sl': 238.86, 'tp': 254.74}}
2026-08-20 19:38:36,031 INFO executor: Order gesendet: {'symbol': 'NUE', 'volume': 11.0, 'type': 'BUY', 'entry': 241.9, 'sl': 220.38, 'tp': 273.94} -> Ticket 18003931
2026-08-20 19:38:36,062 INFO run_once.konto1_ttp: Ergebnis: {'status': 'sent', 'order': {'symbol': 'NUE', 'volume': 11.0, 'type': 'BUY', 'entry': 241.9, 'sl': 220.38, 'tp': 273.94}, 'signal': {'symbol': 'NUE', 'direction': 'Long', 'entry': 241.8, 'sl': 220.38, 'tp': 273.94}, 'ticket': 18003931, 'risk': 236.7200000000001}
2026-08-20 19:38:36,603 INFO executor: Order gesendet: {'symbol': 'GE', 'volume': 13.0, 'type': 'BUY', 'entry': 345.91, 'sl': 327.17, 'tp': 373.46} -> Ticket 18003932
2026-08-20 19:38:36,608 INFO run_once.konto1_ttp: Ergebnis: {'status': 'sent', 'order': {'symbol': 'GE', 'volume': 13.0, 'type': 'BUY', 'entry': 345.91, 'sl': 327.17, 'tp': 373.46}, 'signal': {'symbol': 'GE', 'direction': 'Long', 'entry': 345.68, 'sl': 327.17, 'tp': 373.46}, 'ticket': 18003932, 'risk': 243.62000000000012}
2026-08-20 19:38:36,615 WARNING executor: Symbol 'TXN' (MT5-Name 'TXN') ist auf diesem Konto nicht handelbar - Signal wird übersprungen.
2026-08-20 19:38:36,615 INFO run_once.konto1_ttp: Ergebnis: {'status': 'skipped', 'reason': 'unmapped_symbol', 'signal': {'symbol': 'TXN', 'direction': 'Long', 'entry': 265.04, 'sl': 253.96, 'tp': 281.66}}
2026-08-20 19:38:36,619 INFO run_once.konto1_ttp: === Lauf für Konto 1 (TTP) beendet ===


===== run_20260820_203521.log =====
2026-08-20 20:35:21,555 INFO run_once.konto1_ttp: === Lauf gestartet für Konto 1 (TTP) (DRY_RUN=False, signal_source=external) - Log: logs\konto1_ttp\run_20260820_203521.log ===
2026-08-20 20:35:21,663 CRITICAL executor: HALTEDAUER-WARNUNG: Position UPS (Ticket 17530516) ist seit 22 Tagen offen (Limit 10 Tage) - manuell prüfen/schließen. Aktueller P/L -111.12.
2026-08-20 20:35:21,665 CRITICAL executor: HALTEDAUER-WARNUNG: Position REG (Ticket 17744149) ist seit 13 Tagen offen (Limit 10 Tage) - manuell prüfen/schließen. Aktueller P/L -70.08.
2026-08-20 20:35:21,666 CRITICAL executor: HALTEDAUER-WARNUNG: Position D (Ticket 17763555) ist seit 13 Tagen offen (Limit 10 Tage) - manuell prüfen/schließen. Aktueller P/L 195.19.
2026-08-20 20:35:21,667 CRITICAL executor: HALTEDAUER-WARNUNG: Position CVS (Ticket 17795619) ist seit 10 Tagen offen (Limit 10 Tage) - manuell prüfen/schließen. Aktueller P/L -36.16.
2026-08-20 20:35:21,673 CRITICAL run_once.konto1_ttp: 4 Position(en) über Haltedauer-Limit: [{'ticket': 17530516, 'symbol': 'UPS', 'holding_days': 22, 'profit': -111.12}, {'ticket': 17744149, 'symbol': 'REG', 'holding_days': 13, 'profit': -70.08}, {'ticket': 17763555, 'symbol': 'D', 'holding_days': 13, 'profit': 195.19}, {'ticket': 17795619, 'symbol': 'CVS', 'holding_days': 10, 'profit': -36.16}]
2026-08-20 20:35:21,896 INFO run_once.konto1_ttp: 12 Signal(e) verfügbar (gemeinsamer Scan für alle Konten).
2026-08-20 20:35:21,898 INFO run_once.konto1_ttp: Tages-Drawdown-Check: Baseline-Equity 97694.27, aktueller Drawdown 0.06% (Limit 2.0%)
2026-08-20 20:35:21,902 WARNING executor: Symbol 'STLD' (MT5-Name 'STLD') ist auf diesem Konto nicht handelbar - Signal wird übersprungen.
2026-08-20 20:35:21,903 INFO run_once.konto1_ttp: Ergebnis: {'status': 'skipped', 'reason': 'unmapped_symbol', 'signal': {'symbol': 'STLD', 'direction': 'Long', 'entry': 219.92, 'sl': 196.23, 'tp': 255.46}}
2026-08-20 20:35:21,905 INFO run_once.konto1_ttp: Bereits heute ausgeführt, übersprungen: {'symbol': 'DAL', 'direction': 'Long', 'entry': 81.28, 'sl': 74.89, 'tp': 90.87}
2026-08-20 20:35:21,907 INFO run_once.konto1_ttp: Bereits heute ausgeführt, übersprungen: {'symbol': 'UAL', 'direction': 'Long', 'entry': 111.87, 'sl': 101.03, 'tp': 128.14}
2026-08-20 20:35:21,909 INFO executor: Für CMI ist bereits eine Position offen (Ticket 17980385) - Signal wird übersprungen, auch wenn es erneut im Scan auftaucht.
2026-08-20 20:35:21,910 INFO run_once.konto1_ttp: Ergebnis: {'status': 'skipped', 'reason': 'position_already_open', 'signal': {'symbol': 'CMI', 'direction': 'Long', 'entry': 595.09, 'sl': 560.58, 'tp': 646.87}}
2026-08-20 20:35:21,911 WARNING executor: Symbol 'FITB' (MT5-Name 'FITB') ist auf diesem Konto nicht handelbar - Signal wird übersprungen.
2026-08-20 20:35:21,911 INFO run_once.konto1_ttp: Ergebnis: {'status': 'skipped', 'reason': 'unmapped_symbol', 'signal': {'symbol': 'FITB', 'direction': 'Long', 'entry': 54.9, 'sl': 53.14, 'tp': 57.54}}
2026-08-20 20:35:21,912 WARNING executor: Symbol 'ROST' (MT5-Name 'ROST') ist auf diesem Konto nicht handelbar - Signal wird übersprungen.
2026-08-20 20:35:21,912 INFO run_once.konto1_ttp: Ergebnis: {'status': 'skipped', 'reason': 'unmapped_symbol', 'signal': {'symbol': 'ROST', 'direction': 'Long', 'entry': 229.37, 'sl': 213.58, 'tp': 253.05}}
2026-08-20 20:35:21,913 WARNING executor: Symbol 'MTB' (MT5-Name 'MTB') ist auf diesem Konto nicht handelbar - Signal wird übersprungen.
2026-08-20 20:35:21,913 INFO run_once.konto1_ttp: Ergebnis: {'status': 'skipped', 'reason': 'unmapped_symbol', 'signal': {'symbol': 'MTB', 'direction': 'Long', 'entry': 242.28, 'sl': 235.94, 'tp': 251.79}}
2026-08-20 20:35:21,914 WARNING executor: Symbol 'KEY' (MT5-Name 'KEY') ist auf diesem Konto nicht handelbar - Signal wird übersprungen.
2026-08-20 20:35:21,914 INFO run_once.konto1_ttp: Ergebnis: {'status': 'skipped', 'reason': 'unmapped_symbol', 'signal': {'symbol': 'KEY', 'direction': 'Long', 'entry': 21.97, 'sl': 21.29, 'tp': 22.98}}
2026-08-20 20:35:21,916 WARNING executor: Symbol 'PNC' (MT5-Name 'PNC') ist auf diesem Konto nicht handelbar - Signal wird übersprungen.
2026-08-20 20:35:21,916 INFO run_once.konto1_ttp: Ergebnis: {'status': 'skipped', 'reason': 'unmapped_symbol', 'signal': {'symbol': 'PNC', 'direction': 'Long', 'entry': 245.21, 'sl': 238.86, 'tp': 254.74}}
2026-08-20 20:35:21,917 INFO run_once.konto1_ttp: Bereits heute ausgeführt, übersprungen: {'symbol': 'NUE', 'direction': 'Long', 'entry': 241.8, 'sl': 220.38, 'tp': 273.94}
2026-08-20 20:35:21,918 INFO run_once.konto1_ttp: Bereits heute ausgeführt, übersprungen: {'symbol': 'GE', 'direction': 'Long', 'entry': 345.68, 'sl': 327.17, 'tp': 373.46}
2026-08-20 20:35:21,920 WARNING executor: Symbol 'TXN' (MT5-Name 'TXN') ist auf diesem Konto nicht handelbar - Signal wird übersprungen.
2026-08-20 20:35:21,920 INFO run_once.konto1_ttp: Ergebnis: {'status': 'skipped', 'reason': 'unmapped_symbol', 'signal': {'symbol': 'TXN', 'direction': 'Long', 'entry': 265.04, 'sl': 253.96, 'tp': 281.66}}
2026-08-20 20:35:21,920 INFO run_once.konto1_ttp: === Lauf für Konto 1 (TTP) beendet ===


===== run_20260820_213522.log =====
2026-08-20 21:35:22,403 INFO run_once.konto1_ttp: === Lauf gestartet für Konto 1 (TTP) (DRY_RUN=False, signal_source=external) - Log: logs\konto1_ttp\run_20260820_213522.log ===
2026-08-20 21:35:22,623 CRITICAL executor: HALTEDAUER-WARNUNG: Position UPS (Ticket 17530516) ist seit 22 Tagen offen (Limit 10 Tage) - manuell prüfen/schließen. Aktueller P/L -118.80.
2026-08-20 21:35:22,625 CRITICAL executor: HALTEDAUER-WARNUNG: Position REG (Ticket 17744149) ist seit 13 Tagen offen (Limit 10 Tage) - manuell prüfen/schließen. Aktueller P/L -99.84.
2026-08-20 21:35:22,626 CRITICAL executor: HALTEDAUER-WARNUNG: Position D (Ticket 17763555) ist seit 13 Tagen offen (Limit 10 Tage) - manuell prüfen/schließen. Aktueller P/L 162.44.
2026-08-20 21:35:22,628 CRITICAL executor: HALTEDAUER-WARNUNG: Position CVS (Ticket 17795619) ist seit 10 Tagen offen (Limit 10 Tage) - manuell prüfen/schließen. Aktueller P/L -47.68.
2026-08-20 21:35:22,635 CRITICAL run_once.konto1_ttp: 4 Position(en) über Haltedauer-Limit: [{'ticket': 17530516, 'symbol': 'UPS', 'holding_days': 22, 'profit': -118.8}, {'ticket': 17744149, 'symbol': 'REG', 'holding_days': 13, 'profit': -99.84}, {'ticket': 17763555, 'symbol': 'D', 'holding_days': 13, 'profit': 162.44}, {'ticket': 17795619, 'symbol': 'CVS', 'holding_days': 10, 'profit': -47.68}]
2026-08-20 21:35:22,900 INFO run_once.konto1_ttp: 12 Signal(e) verfügbar (gemeinsamer Scan für alle Konten).
2026-08-20 21:35:22,902 INFO run_once.konto1_ttp: Tages-Drawdown-Check: Baseline-Equity 97694.27, aktueller Drawdown 0.19% (Limit 2.0%)
2026-08-20 21:35:22,906 WARNING executor: Symbol 'STLD' (MT5-Name 'STLD') ist auf diesem Konto nicht handelbar - Signal wird übersprungen.
2026-08-20 21:35:22,907 INFO run_once.konto1_ttp: Ergebnis: {'status': 'skipped', 'reason': 'unmapped_symbol', 'signal': {'symbol': 'STLD', 'direction': 'Long', 'entry': 219.92, 'sl': 196.23, 'tp': 255.46}}
2026-08-20 21:35:22,909 INFO run_once.konto1_ttp: Bereits heute ausgeführt, übersprungen: {'symbol': 'DAL', 'direction': 'Long', 'entry': 81.28, 'sl': 74.89, 'tp': 90.87}
2026-08-20 21:35:22,910 INFO run_once.konto1_ttp: Bereits heute ausgeführt, übersprungen: {'symbol': 'UAL', 'direction': 'Long', 'entry': 111.87, 'sl': 101.03, 'tp': 128.14}
2026-08-20 21:35:22,913 INFO executor: Für CMI ist bereits eine Position offen (Ticket 17980385) - Signal wird übersprungen, auch wenn es erneut im Scan auftaucht.
2026-08-20 21:35:22,914 INFO run_once.konto1_ttp: Ergebnis: {'status': 'skipped', 'reason': 'position_already_open', 'signal': {'symbol': 'CMI', 'direction': 'Long', 'entry': 595.09, 'sl': 560.58, 'tp': 646.87}}
2026-08-20 21:35:22,916 WARNING executor: Symbol 'FITB' (MT5-Name 'FITB') ist auf diesem Konto nicht handelbar - Signal wird übersprungen.
2026-08-20 21:35:22,916 INFO run_once.konto1_ttp: Ergebnis: {'status': 'skipped', 'reason': 'unmapped_symbol', 'signal': {'symbol': 'FITB', 'direction': 'Long', 'entry': 54.9, 'sl': 53.14, 'tp': 57.54}}
2026-08-20 21:35:22,918 WARNING executor: Symbol 'ROST' (MT5-Name 'ROST') ist auf diesem Konto nicht handelbar - Signal wird übersprungen.
2026-08-20 21:35:22,918 INFO run_once.konto1_ttp: Ergebnis: {'status': 'skipped', 'reason': 'unmapped_symbol', 'signal': {'symbol': 'ROST', 'direction': 'Long', 'entry': 229.37, 'sl': 213.58, 'tp': 253.05}}
2026-08-20 21:35:22,920 WARNING executor: Symbol 'MTB' (MT5-Name 'MTB') ist auf diesem Konto nicht handelbar - Signal wird übersprungen.
2026-08-20 21:35:22,920 INFO run_once.konto1_ttp: Ergebnis: {'status': 'skipped', 'reason': 'unmapped_symbol', 'signal': {'symbol': 'MTB', 'direction': 'Long', 'entry': 242.28, 'sl': 235.94, 'tp': 251.79}}
2026-08-20 21:35:22,921 WARNING executor: Symbol 'KEY' (MT5-Name 'KEY') ist auf diesem Konto nicht handelbar - Signal wird übersprungen.
2026-08-20 21:35:22,921 INFO run_once.konto1_ttp: Ergebnis: {'status': 'skipped', 'reason': 'unmapped_symbol', 'signal': {'symbol': 'KEY', 'direction': 'Long', 'entry': 21.97, 'sl': 21.29, 'tp': 22.98}}
2026-08-20 21:35:22,923 WARNING executor: Symbol 'PNC' (MT5-Name 'PNC') ist auf diesem Konto nicht handelbar - Signal wird übersprungen.
2026-08-20 21:35:22,923 INFO run_once.konto1_ttp: Ergebnis: {'status': 'skipped', 'reason': 'unmapped_symbol', 'signal': {'symbol': 'PNC', 'direction': 'Long', 'entry': 245.21, 'sl': 238.86, 'tp': 254.74}}
2026-08-20 21:35:22,925 INFO run_once.konto1_ttp: Bereits heute ausgeführt, übersprungen: {'symbol': 'NUE', 'direction': 'Long', 'entry': 241.8, 'sl': 220.38, 'tp': 273.94}
2026-08-20 21:35:22,926 INFO run_once.konto1_ttp: Bereits heute ausgeführt, übersprungen: {'symbol': 'GE', 'direction': 'Long', 'entry': 345.68, 'sl': 327.17, 'tp': 373.46}
2026-08-20 21:35:22,929 WARNING executor: Symbol 'TXN' (MT5-Name 'TXN') ist auf diesem Konto nicht handelbar - Signal wird übersprungen.
2026-08-20 21:35:22,929 INFO run_once.konto1_ttp: Ergebnis: {'status': 'skipped', 'reason': 'unmapped_symbol', 'signal': {'symbol': 'TXN', 'direction': 'Long', 'entry': 265.04, 'sl': 253.96, 'tp': 281.66}}
2026-08-20 21:35:22,930 INFO run_once.konto1_ttp: === Lauf für Konto 1 (TTP) beendet ===
