===== run_20260803_203522.log =====
2026-08-03 20:35:22,984 INFO run_once.konto2_ttp: === Lauf gestartet für Konto 2 (TTP, Demo) (DRY_RUN=False) - Log: logs\konto2_ttp\run_20260803_203522.log ===
2026-08-03 20:35:23,024 INFO run_once.konto2_ttp: 10 Signal(e) verfügbar (gemeinsamer Scan für alle Konten).
2026-08-03 20:35:23,047 INFO run_once.konto2_ttp: Tages-Drawdown-Check: Baseline-Equity 100002.27, aktueller Drawdown 0.00% (Limit 2.0%)
2026-08-03 20:35:23,052 INFO run_once.konto2_ttp: Ergebnis: {'status': 'skipped', 'reason': 'unmapped_symbol', 'signal': {'symbol': 'LIN.DE', 'direction': 'Long', 'entry': 418.6, 'sl': 395.51, 'tp': 453.23}}
2026-08-03 20:35:23,592 INFO run_once.konto2_ttp: Ergebnis: {'status': 'sent', 'order': {'symbol': 'MAR', 'volume': 15.0, 'type': 'BUY', 'entry': 347.51, 'sl': 330.87, 'tp': 372.76}, 'signal': {'symbol': 'MAR', 'direction': 'Long', 'entry': 347.63, 'sl': 330.87, 'tp': 372.76}, 'ticket': 17656474}
2026-08-03 20:35:23,599 INFO run_once.konto2_ttp: Ergebnis: {'status': 'skipped', 'reason': 'unmapped_symbol', 'signal': {'symbol': 'ADS.DE', 'direction': 'Long', 'entry': 165.75, 'sl': 153.28, 'tp': 184.46}}
2026-08-03 20:35:23,601 INFO run_once.konto2_ttp: Ergebnis: {'status': 'skipped', 'reason': 'unmapped_symbol', 'signal': {'symbol': 'EIX', 'direction': 'Long', 'entry': 72.03, 'sl': 67.45, 'tp': 78.89}}
2026-08-03 20:35:23,602 INFO run_once.konto2_ttp: Ergebnis: {'status': 'skipped', 'reason': 'unmapped_symbol', 'signal': {'symbol': 'ES', 'direction': 'Long', 'entry': 71.69, 'sl': 69.65, 'tp': 74.76}}
2026-08-03 20:35:23,604 INFO run_once.konto2_ttp: Ergebnis: {'status': 'skipped', 'reason': 'unmapped_symbol', 'signal': {'symbol': 'ED', 'direction': 'Long', 'entry': 107.9, 'sl': 105.06, 'tp': 112.16}}
2026-08-03 20:35:24,122 INFO run_once.konto2_ttp: Ergebnis: {'status': 'sent', 'order': {'symbol': 'LLY', 'volume': 4.0, 'type': 'BUY', 'entry': 1116.99, 'sl': 1055.43, 'tp': 1207.03}, 'signal': {'symbol': 'LLY', 'direction': 'Long', 'entry': 1116.07, 'sl': 1055.43, 'tp': 1207.03}, 'ticket': 17656475}
2026-08-03 20:35:24,129 INFO run_once.konto2_ttp: Ergebnis: {'status': 'skipped', 'reason': 'unmapped_symbol', 'signal': {'symbol': 'MGM', 'direction': 'Long', 'entry': 44.38, 'sl': 42.8, 'tp': 46.75}}
2026-08-03 20:35:24,657 INFO run_once.konto2_ttp: Ergebnis: {'status': 'sent', 'order': {'symbol': 'D', 'volume': 166.0, 'type': 'BUY', 'entry': 68.49, 'sl': 66.99, 'tp': 71.06}, 'signal': {'symbol': 'D', 'direction': 'Long', 'entry': 68.61, 'sl': 66.99, 'tp': 71.06}, 'ticket': 17656476}
2026-08-03 20:35:24,663 INFO run_once.konto2_ttp: Ergebnis: {'status': 'skipped', 'reason': 'unmapped_symbol', 'signal': {'symbol': 'OKE', 'direction': 'Long', 'entry': 87.47, 'sl': 83.98, 'tp': 92.7}}
2026-08-03 20:35:24,663 INFO run_once.konto2_ttp: === Lauf für Konto 2 (TTP, Demo) beendet ===


===== run_20260803_213521.log =====
2026-08-03 21:35:21,297 INFO run_once.konto2_ttp: === Lauf gestartet für Konto 2 (TTP, Demo) (DRY_RUN=False) - Log: logs\konto2_ttp\run_20260803_213521.log ===
2026-08-03 21:35:21,332 INFO run_once.konto2_ttp: 10 Signal(e) verfügbar (gemeinsamer Scan für alle Konten).
2026-08-03 21:35:21,333 INFO run_once.konto2_ttp: Tages-Drawdown-Check: Baseline-Equity 100002.27, aktueller Drawdown -0.01% (Limit 2.0%)
2026-08-03 21:35:21,335 INFO run_once.konto2_ttp: Ergebnis: {'status': 'skipped', 'reason': 'unmapped_symbol', 'signal': {'symbol': 'LIN.DE', 'direction': 'Long', 'entry': 418.6, 'sl': 395.51, 'tp': 453.23}}
2026-08-03 21:35:21,336 INFO run_once.konto2_ttp: Bereits heute ausgeführt, übersprungen: {'symbol': 'MAR', 'direction': 'Long', 'entry': 347.63, 'sl': 330.87, 'tp': 372.76}
2026-08-03 21:35:21,338 INFO run_once.konto2_ttp: Ergebnis: {'status': 'skipped', 'reason': 'unmapped_symbol', 'signal': {'symbol': 'ADS.DE', 'direction': 'Long', 'entry': 165.75, 'sl': 153.28, 'tp': 184.46}}
2026-08-03 21:35:21,339 INFO run_once.konto2_ttp: Ergebnis: {'status': 'skipped', 'reason': 'unmapped_symbol', 'signal': {'symbol': 'EIX', 'direction': 'Long', 'entry': 72.03, 'sl': 67.45, 'tp': 78.89}}
2026-08-03 21:35:21,340 INFO run_once.konto2_ttp: Ergebnis: {'status': 'skipped', 'reason': 'unmapped_symbol', 'signal': {'symbol': 'ES', 'direction': 'Long', 'entry': 71.69, 'sl': 69.65, 'tp': 74.76}}
2026-08-03 21:35:21,342 INFO run_once.konto2_ttp: Ergebnis: {'status': 'skipped', 'reason': 'unmapped_symbol', 'signal': {'symbol': 'ED', 'direction': 'Long', 'entry': 107.9, 'sl': 105.06, 'tp': 112.16}}
2026-08-03 21:35:21,343 INFO run_once.konto2_ttp: Bereits heute ausgeführt, übersprungen: {'symbol': 'LLY', 'direction': 'Long', 'entry': 1116.07, 'sl': 1055.43, 'tp': 1207.03}
2026-08-03 21:35:21,345 INFO run_once.konto2_ttp: Ergebnis: {'status': 'skipped', 'reason': 'unmapped_symbol', 'signal': {'symbol': 'MGM', 'direction': 'Long', 'entry': 44.38, 'sl': 42.8, 'tp': 46.75}}
2026-08-03 21:35:21,346 INFO run_once.konto2_ttp: Bereits heute ausgeführt, übersprungen: {'symbol': 'D', 'direction': 'Long', 'entry': 68.61, 'sl': 66.99, 'tp': 71.06}
2026-08-03 21:35:21,347 INFO run_once.konto2_ttp: Ergebnis: {'status': 'skipped', 'reason': 'unmapped_symbol', 'signal': {'symbol': 'OKE', 'direction': 'Long', 'entry': 87.47, 'sl': 83.98, 'tp': 92.7}}
2026-08-03 21:35:21,347 INFO run_once.konto2_ttp: === Lauf für Konto 2 (TTP, Demo) beendet ===
