2026-08-16 20:09:03 === BTC-EMA-Cross-Scan-Task gestartet ===
2026-08-16 20:09:05 BTC-EMA9/21 Tages-Scan (PAPIER, keine echten Orders):
2026-08-16 20:09:05   date: 2026-08-16
2026-08-16 20:09:05   yesterday_close: 63086.01
2026-08-16 20:09:05   ema9: 63638.7
2026-08-16 20:09:05   ema21: 63898.91
2026-08-16 20:09:05   above: False
2026-08-16 20:09:05   go_long_signal: False
2026-08-16 20:09:05   go_flat_signal: False
2026-08-16 20:09:05   action: none
2026-08-16 20:09:05   in_position: False
2026-08-16 20:09:05   equity_mark_to_market: 100000.0
2026-08-16 20:09:05 
2026-08-16 20:09:05 Gespeichert: C:\Users\andre\Forex-Backtesting\btc_ema_cross_logs\daily_log.csv
2026-08-16 20:09:06 [main f17b5fb] BTC EMA9/21 Paper-Forward-Test: Snapshot 2026-08-16 20:09
2026-08-16 20:09:06  3 files changed, 26 insertions(+)
2026-08-16 20:09:06  create mode 100644 btc_ema_cross_logs/daily_log.csv
2026-08-16 20:09:06  create mode 100644 btc_ema_cross_logs/paper_state.json
2026-08-16 20:09:06  create mode 100644 btc_ema_cross_logs/task_run.log
2026-08-16 20:09:08 To https://github.com/AndrowDeluxe/Forex-Backtesting.git
2026-08-16 20:09:08    2eeb5b1..f17b5fb  main -> main
2026-08-16 20:09:08 Commit + Push erfolgreich.
2026-08-16 20:09:08 === BTC-EMA-Cross-Scan-Task beendet ===
2026-08-20 03:26:40 === BTC-EMA-Cross-Scan-Task gestartet ===
2026-08-20 03:26:54 BTC-EMA9/21 Tages-Scan (PAPIER, keine echten Orders):
2026-08-20 03:26:54   date: 2026-08-20
2026-08-20 03:26:54   yesterday_close: 69334.79
2026-08-20 03:26:54   ema9: 64990.51
2026-08-20 03:26:54   ema21: 64440.73
2026-08-20 03:26:54   above: True
2026-08-20 03:26:54   go_long_signal: True
2026-08-20 03:26:54   go_flat_signal: False
2026-08-20 03:26:54   action: entry long @ 69,404.11, stop @ 66,172.04, qty=0.316181
2026-08-20 03:26:54   in_position: True
2026-08-20 03:26:54   equity_mark_to_market: 99978.08
2026-08-20 03:26:54 
2026-08-20 03:26:54 Gespeichert: C:\Users\andre\Forex-Backtesting\btc_ema_cross_logs\daily_log.csv
2026-08-20 03:27:02 Fetching BTCUSDT daily 2017-08-17 -> 2026-08-20 (force_refresh) ...
2026-08-20 03:27:02 Snapshot geschrieben: C:\Users\andre\Forex-Backtesting\btc_ema_cross\data\btcusdt_1d_snapshot.parquet (3291 Zeilen, bis 2026-08-20 00:00:00+00:00).
2026-08-20 03:27:07 [main e0ad56a] BTC EMA9/21 Paper-Forward-Test: Snapshot 2026-08-20 03:27
2026-08-20 03:27:07  4 files changed, 25 insertions(+), 8 deletions(-)
2026-08-20 03:27:12 To https://github.com/AndrowDeluxe/Forex-Backtesting.git
2026-08-20 03:27:12    7b47ce5..e0ad56a  main -> main
2026-08-20 03:27:12 Commit + Push erfolgreich.
2026-08-20 03:27:12 === BTC-EMA-Cross-Scan-Task beendet ===
2026-08-20 05:15:56 === BTC-EMA-Cross-Scan-Task gestartet ===
2026-08-20 05:16:04 BTC-EMA9/21 Tages-Scan (PAPIER, keine echten Orders):
2026-08-20 05:16:04   date: 2026-08-20
2026-08-20 05:16:04   yesterday_close: 69334.79
2026-08-20 05:16:04   ema9: 64990.51
2026-08-20 05:16:04   ema21: 64440.73
2026-08-20 05:16:04   above: True
2026-08-20 05:16:04   go_long_signal: True
2026-08-20 05:16:04   go_flat_signal: False
2026-08-20 05:16:04   action: entry long @ 69,404.11, stop @ 66,172.04, qty=0.312884
2026-08-20 05:16:04   in_position: True
2026-08-20 05:16:04   equity_mark_to_market: 98935.46
2026-08-20 05:16:04 
2026-08-20 05:16:04 Gespeichert: C:\Users\andre\Forex-Backtesting\btc_ema_cross_logs\daily_log.csv
2026-08-20 05:16:13 Fetching BTCUSDT daily 2017-08-17 -> 2026-08-20 (force_refresh) ...
2026-08-20 05:16:13 Snapshot geschrieben: C:\Users\andre\Forex-Backtesting\btc_ema_cross\data\btcusdt_1d_snapshot.parquet (3291 Zeilen, bis 2026-08-20 00:00:00+00:00).
2026-08-20 05:16:14 [main 228a7f6] BTC EMA9/21 Paper-Forward-Test: Snapshot 2026-08-20 05:16
2026-08-20 05:16:14  5 files changed, 28 insertions(+), 4 deletions(-)
2026-08-20 05:16:14  create mode 100644 btc_ema_cross_logs/paper_trades.csv
2026-08-20 05:16:18 To https://github.com/AndrowDeluxe/Forex-Backtesting.git
2026-08-20 05:16:18    9289a88..228a7f6  main -> main
2026-08-20 05:16:18 Commit + Push erfolgreich.
2026-08-20 05:16:18 === BTC-EMA-Cross-Scan-Task beendet ===
2026-08-20 09:56:28 === BTC-EMA-Cross-Scan-Task gestartet ===
2026-08-20 09:56:35 BTC-EMA9/21 Tages-Scan (PAPIER, keine echten Orders):
2026-08-20 09:56:35   date: 2026-08-20
2026-08-20 09:56:35   yesterday_close: 69334.79
2026-08-20 09:56:35   ema9: 64990.51
2026-08-20 09:56:35   ema21: 64440.73
2026-08-20 09:56:35   above: True
2026-08-20 09:56:35   go_long_signal: True
2026-08-20 09:56:35   go_flat_signal: False
2026-08-20 09:56:35   action: entry long @ 69,404.11, stop @ 66,172.04, qty=0.309621
2026-08-20 09:56:35   in_position: True
2026-08-20 09:56:35   equity_mark_to_market: 97903.72
2026-08-20 09:56:35 
2026-08-20 09:56:35 Gespeichert: C:\Users\andre\Forex-Backtesting\btc_ema_cross_logs\daily_log.csv
2026-08-20 09:56:38 Fetching BTCUSDT daily 2017-08-17 -> 2026-08-20 (force_refresh) ...
2026-08-20 09:56:38 Snapshot geschrieben: C:\Users\andre\Forex-Backtesting\btc_ema_cross\data\btcusdt_1d_snapshot.parquet (3291 Zeilen, bis 2026-08-20 00:00:00+00:00).
2026-08-20 09:56:38 [main 2a0fd43] BTC EMA9/21 Paper-Forward-Test: Snapshot 2026-08-20 09:56
2026-08-20 09:56:38  5 files changed, 28 insertions(+), 4 deletions(-)
2026-08-20 09:56:41 To https://github.com/AndrowDeluxe/Forex-Backtesting.git
2026-08-20 09:56:41    c991381..2a0fd43  main -> main
2026-08-20 09:56:41 Commit + Push erfolgreich.
2026-08-20 09:56:41 === BTC-EMA-Cross-Scan-Task beendet ===
2026-08-21 03:28:57 === BTC-EMA-Cross-Scan-Task gestartet ===
2026-08-21 03:29:10 BTC-EMA9/21 Tages-Scan (PAPIER, keine echten Orders):
2026-08-21 03:29:10   date: 2026-08-21
2026-08-21 03:29:10   yesterday_close: 73025.15
2026-08-21 03:29:10   ema9: 66597.43
2026-08-21 03:29:10   ema21: 65221.04
2026-08-21 03:29:10   above: True
2026-08-21 03:29:10   go_long_signal: False
2026-08-21 03:29:10   go_flat_signal: False
2026-08-21 03:29:10   action: none
2026-08-21 03:29:10   in_position: True
2026-08-21 03:29:10   equity_mark_to_market: 101144.9
2026-08-21 03:29:10 
2026-08-21 03:29:10 Gespeichert: C:\Users\andre\Forex-Backtesting\btc_ema_cross_logs\daily_log.csv
2026-08-21 03:29:21 Fetching BTCUSDT daily 2017-08-17 -> 2026-08-21 (force_refresh) ...
2026-08-21 03:29:21 Snapshot geschrieben: C:\Users\andre\Forex-Backtesting\btc_ema_cross\data\btcusdt_1d_snapshot.parquet (3292 Zeilen, bis 2026-08-21 00:00:00+00:00).
2026-08-21 03:29:22 [main 35a659d] BTC EMA9/21 Paper-Forward-Test: Snapshot 2026-08-21 03:29
2026-08-21 03:29:22  4 files changed, 18 insertions(+), 1 deletion(-)
2026-08-21 03:29:27 To https://github.com/AndrowDeluxe/Forex-Backtesting.git
2026-08-21 03:29:27    7e90578..35a659d  main -> main
2026-08-21 03:29:27 Commit + Push erfolgreich.
2026-08-21 03:29:27 === BTC-EMA-Cross-Scan-Task beendet ===
2026-08-21 09:18:28 === BTC-EMA-Cross-Scan-Task gestartet ===
2026-08-21 09:18:35 BTC-EMA9/21 Tages-Scan (PAPIER, keine echten Orders):
2026-08-21 09:18:35   date: 2026-08-21
2026-08-21 09:18:35   yesterday_close: 73025.15
2026-08-21 09:18:35   ema9: 66597.43
2026-08-21 09:18:35   ema21: 65221.04
2026-08-21 09:18:35   above: True
2026-08-21 09:18:35   go_long_signal: False
2026-08-21 09:18:35   go_flat_signal: False
2026-08-21 09:18:35   action: bereits heute gescannt (kein erneuter Exit/Entry-Check)
2026-08-21 09:18:35   in_position: True
2026-08-21 09:18:35   equity_mark_to_market: 101144.9
2026-08-21 09:18:35 
2026-08-21 09:18:35 Gespeichert: C:\Users\andre\Forex-Backtesting\btc_ema_cross_logs\daily_log.csv
2026-08-21 09:18:40 Fetching BTCUSDT daily 2017-08-17 -> 2026-08-21 (force_refresh) ...
2026-08-21 09:18:40 Snapshot geschrieben: C:\Users\andre\Forex-Backtesting\btc_ema_cross\data\btcusdt_1d_snapshot.parquet (3292 Zeilen, bis 2026-08-21 00:00:00+00:00).
2026-08-21 09:18:40 [main 4f5b251] BTC EMA9/21 Paper-Forward-Test: Snapshot 2026-08-21 09:18
2026-08-21 09:18:40  3 files changed, 23 insertions(+), 1 deletion(-)
2026-08-21 09:18:43 To https://github.com/AndrowDeluxe/Forex-Backtesting.git
2026-08-21 09:18:43    5c74979..4f5b251  main -> main
2026-08-21 09:18:43 Commit + Push erfolgreich.
2026-08-21 09:18:43 === BTC-EMA-Cross-Scan-Task beendet ===
2026-08-21 09:27:52 === BTC-EMA-Cross-Scan-Task gestartet ===
2026-08-21 09:27:54 BTC-EMA9/21 Tages-Scan (PAPIER, keine echten Orders):
2026-08-21 09:27:54   date: 2026-08-21
2026-08-21 09:27:54   yesterday_close: 73025.15
2026-08-21 09:27:54   ema9: 66597.43
2026-08-21 09:27:54   ema21: 65221.04
2026-08-21 09:27:54   above: True
2026-08-21 09:27:54   go_long_signal: False
2026-08-21 09:27:54   go_flat_signal: False
2026-08-21 09:27:54   action: bereits heute gescannt (kein erneuter Exit/Entry-Check)
2026-08-21 09:27:54   in_position: True
2026-08-21 09:27:54   equity_mark_to_market: 101144.9
2026-08-21 09:27:54 
2026-08-21 09:27:54 Gespeichert: C:\Users\andre\Forex-Backtesting\btc_ema_cross_logs\daily_log.csv
2026-08-21 09:27:58 Fetching BTCUSDT daily 2017-08-17 -> 2026-08-21 (force_refresh) ...
2026-08-21 09:27:58 Snapshot geschrieben: C:\Users\andre\Forex-Backtesting\btc_ema_cross\data\btcusdt_1d_snapshot.parquet (3292 Zeilen, bis 2026-08-21 00:00:00+00:00).
2026-08-21 09:27:59 [main 6f1c176] BTC EMA9/21 Paper-Forward-Test: Snapshot 2026-08-21 09:27
2026-08-21 09:27:59  2 files changed, 22 insertions(+)
2026-08-21 09:28:01 To https://github.com/AndrowDeluxe/Forex-Backtesting.git
2026-08-21 09:28:01    4f5b251..6f1c176  main -> main
2026-08-21 09:28:01 Commit + Push erfolgreich.
2026-08-21 09:28:01 === BTC-EMA-Cross-Scan-Task beendet ===
2026-08-22 03:53:33 === BTC-EMA-Cross-Scan-Task gestartet ===
2026-08-22 03:53:55 BTC-EMA9/21 Tages-Scan (PAPIER, keine echten Orders):
2026-08-22 03:53:55   date: 2026-08-22
2026-08-22 03:53:55   yesterday_close: 78338.03
2026-08-22 03:53:55   ema9: 68945.55
2026-08-22 03:53:55   ema21: 66413.63
2026-08-22 03:53:55   above: True
2026-08-22 03:53:55   go_long_signal: False
2026-08-22 03:53:55   go_flat_signal: False
2026-08-22 03:53:56   action: none
2026-08-22 03:53:56   in_position: True
2026-08-22 03:53:56   equity_mark_to_market: 102824.74
2026-08-22 03:53:56 
2026-08-22 03:53:56 Gespeichert: C:\Users\andre\Forex-Backtesting\btc_ema_cross_logs\daily_log.csv
2026-08-22 03:54:14 Fetching BTCUSDT daily 2017-08-17 -> 2026-08-22 (force_refresh) ...
2026-08-22 03:54:14 Snapshot geschrieben: C:\Users\andre\Forex-Backtesting\btc_ema_cross\data\btcusdt_1d_snapshot.parquet (3293 Zeilen, bis 2026-08-22 00:00:00+00:00).
